Command: C:\Espressif\python_env\idf5.5_py3.11_env\Scripts\python.exe C:\Users\edumm\esp\v5.5.1\esp-idf\tools/idf_monitor.py -p COM6 -b 115200 --toolchain-prefix xtensa-esp32-elf- --target esp32 --revision 0 C:\Users\edumm\Downloads\hello_world\build\hello_world.elf C:\Users\edumm\Downloads\hello_world\build\bootloader\bootloader.elf --force-color -m 'C:\Espressif\python_env\idf5.5_py3.11_env\Scripts\python.exe' 'C:\Users\edumm\esp\v5.5.1\esp-idf\tools\idf.py' '-p' 'COM6'
ets Jul 29 2019 12:21:46

rst:0x1 (POWERON_RESET),boot:0x13 (SPI_FAST_FLASH_BOOT)
configsip: 0, SPIWP:0xee
clk_drv:0x00,q_drv:0x00,d_drv:0x00,cs0_drv:0x00,hd_drv:0x00,wp_drv:0x00
mode:DIO, clock div:2
load:0x3fff0030,len:6380
ho 0 tail 12 room 4
load:0x40078000,len:15916
load:0x40080400,len:3860
entry 0x40080638
[0;32mI (29) boot: ESP-IDF v5.5.1 2nd stage bootloader[0m
[0;32mI (29) boot: compile time Nov  7 2025 00:02:50[0m
[0;32mI (29) boot: Multicore bootloader[0m
[0;32mI (31) boot: chip revision: v3.1[0m
[0;32mI (33) boot.esp32: SPI Speed      : 40MHz[0m
[0;32mI (37) boot.esp32: SPI Mode       : DIO[0m
[0;32mI (41) boot.esp32: SPI Flash Size : 2MB[0m
[0;32mI (44) boot: Enabling RNG early entropy source...[0m
[0;32mI (49) boot: Partition Table:[0m
[0;32mI (51) boot: ## Label            Usage          Type ST Offset   Length[0m
[0;32mI (58) boot:  0 nvs              WiFi data        01 02 00009000 00006000[0m
[0;32mI (64) boot:  1 phy_init         RF data          01 01 0000f000 00001000[0m
[0;32mI (71) boot:  2 factory          factory app      00 00 00010000 00100000[0m
[0;32mI (77) boot: End of partition table[0m
[0;32mI (81) esp_image: segment 0: paddr=00010020 vaddr=3f400020 size=075e0h ( 30176) map[0m
[0;32mI (98) esp_image: segment 1: paddr=00017608 vaddr=3ffb0000 size=021e8h (  8680) load[0m
[0;32mI (102) esp_image: segment 2: paddr=000197f8 vaddr=40080000 size=06820h ( 26656) load[0m
[0;32mI (113) esp_image: segment 3: paddr=00020020 vaddr=400d0020 size=0fc6ch ( 64620) map[0m
[0;32mI (136) esp_image: segment 4: paddr=0002fc94 vaddr=40086820 size=062e8h ( 25320) load[0m
[0;32mI (146) esp_image: segment 5: paddr=00035f84 vaddr=50000000 size=00020h (    32) load[0m
[0;32mI (152) boot: Loaded app from partition at offset 0x10000[0m
[0;32mI (152) boot: Disabling RNG early entropy source...[0m
[0;32mI (164) cpu_start: Multicore app[0m
[0;32mI (172) cpu_start: Pro cpu start user code[0m
[0;32mI (172) cpu_start: cpu freq: 160000000 Hz[0m
[0;32mI (172) app_init: Application information:[0m
[0;32mI (172) app_init: Project name:     hello_world[0m
[0;32mI (177) app_init: App version:      1[0m
[0;32mI (180) app_init: Compile time:     Nov  7 2025 20:05:14[0m
[0;32mI (185) app_init: ELF file SHA256:  c3cef06c4...[0m
[0;32mI (189) app_init: ESP-IDF:          v5.5.1[0m
[0;32mI (193) efuse_init: Min chip rev:     v0.0[0m
[0;32mI (197) efuse_init: Max chip rev:     v3.99 [0m
[0;32mI (201) efuse_init: Chip rev:         v3.1[0m
[0;32mI (205) heap_init: Initializing. RAM available for dynamic allocation:[0m
[0;32mI (211) heap_init: At 3FFAE6E0 len 00001920 (6 KiB): DRAM[0m
[0;32mI (216) heap_init: At 3FFB2A50 len 0002D5B0 (181 KiB): DRAM[0m
[0;32mI (221) heap_init: At 3FFE0440 len 00003AE0 (14 KiB): D/IRAM[0m
[0;32mI (227) heap_init: At 3FFE4350 len 0001BCB0 (111 KiB): D/IRAM[0m
[0;32mI (232) heap_init: At 4008CB08 len 000134F8 (77 KiB): IRAM[0m
[0;32mI (239) spi_flash: detected chip: generic[0m
[0;32mI (241) spi_flash: flash io: dio[0m
[0;33mW (244) spi_flash: Detected size(4096k) larger than the size in the binary image header(2048k). Using the size in the binary image header.[0m
[0;32mI (257) main_task: Started on CPU0[0m
[0;32mI (267) main_task: Calling app_main()[0m
[0;32mI (267) TASK1: Task 1 is running[0m
Task 2 is running

assert failed: prvSelectHighestPriorityTaskSMP tasks.c:3642 (xTaskScheduled == ( ( BaseType_t ) 1 ))


Backtrace: 0x40084e75:0x3ffb4220 0x40084e3d:0x3ffb4240 0x4008aec1:0x3ffb4260 0x400863f2:0x3ffb4380 0x40086c66:0x3ffb43a0 0x40085cf8:0x3ffb43c0 0x40085caa:0xa5a5a5a5 |<-CORRUPTED




ELF file SHA256: c3cef06c4

Rebooting...
ets Jul 29 2019 12:21:46

rst:0xc (SW_CPU_RESET),boot:0x13 (SPI_FAST_FLASH_BOOT)
configsip: 0, SPIWP:0xee
clk_drv:0x00,q_drv:0x00,d_drv:0x00,cs0_drv:0x00,hd_drv:0x00,wp_drv:0x00
mode:DIO, clock div:2
load:0x3fff0030,len:6380
ho 0 tail 12 room 4
load:0x40078000,len:15916
load:0x40080400,len:3860
entry 0x40080638
[0;32mI (29) boot: ESP-IDF v5.5.1 2nd stage bootloader[0m
[0;32mI (29) boot: compile time Nov  7 2025 00:02:50[0m
[0;32mI (29) boot: Multicore bootloader[0m
[0;32mI (31) boot: chip revision: v3.1[0m
[0;32mI (33) boot.esp32: SPI Speed      : 40MHz[0m
[0;32mI (37) boot.esp32: SPI Mode       : DIO[0m
[0;32mI (41) boot.esp32: SPI Flash Size : 2MB[0m
[0;32mI (44) boot: Enabling RNG early entropy source...[0m
[0;32mI (49) boot: Partition Table:[0m
[0;32mI (51) boot: ## Label            Usage          Type ST Offset   Length[0m
[0;32mI (58) boot:  0 nvs              WiFi data        01 02 00009000 00006000[0m
[0;32mI (64) boot:  1 phy_init         RF data          01 01 0000f000 00001000[0m
[0;32mI (71) boot:  2 factory          factory app      00 00 00010000 00100000[0m
[0;32mI (77) boot: End of partition table[0m
[0;32mI (80) esp_image: segment 0: paddr=00010020 vaddr=3f400020 size=075e0h ( 30176) map[0m
[0;32mI (98) esp_image: segment 1: paddr=00017608 vaddr=3ffb0000 size=021e8h (  8680) load[0m
[0;32mI (102) esp_image: segment 2: paddr=000197f8 vaddr=40080000 size=06820h ( 26656) load[0m
[0;32mI (113) esp_image: segment 3: paddr=00020020 vaddr=400d0020 size=0fc6ch ( 64620) map[0m
[0;32mI (136) esp_image: segment 4: paddr=0002fc94 vaddr=40086820 size=062e8h ( 25320) load[0m
[0;32mI (146) esp_image: segment 5: paddr=00035f84 vaddr=50000000 size=00020h (    32) load[0m
[0;32mI (152) boot: Loaded app from partition at offset 0x10000[0m
[0;32mI (152) boot: Disabling RNG early entropy source...[0m
[0;32mI (164) cpu_start: Multicore app[0m
[0;32mI (172) cpu_start: Pro cpu start user code[0m
[0;32mI (172) cpu_start: cpu freq: 160000000 Hz[0m
[0;32mI (172) app_init: Application information:[0m
[0;32mI (172) app_init: Project name:     hello_world[0m
[0;32mI (176) app_init: App version:      1[0m
[0;32mI (180) app_init: Compile time:     Nov  7 2025 20:05:14[0m
[0;32mI (185) app_init: ELF file SHA256:  c3cef06c4...[0m
[0;32mI (189) app_init: ESP-IDF:          v5.5.1[0m
[0;32mI (193) efuse_init: Min chip rev:     v0.0[0m
[0;32mI (197) efuse_init: Max chip rev:     v3.99 [0m
[0;32mI (201) efuse_init: Chip rev:         v3.1[0m
[0;32mI (205) heap_init: Initializing. RAM available for dynamic allocation:[0m
[0;32mI (211) heap_init: At 3FFAE6E0 len 00001920 (6 KiB): DRAM[0m
[0;32mI (216) heap_init: At 3FFB2A50 len 0002D5B0 (181 KiB): DRAM[0m
[0;32mI (221) heap_init: At 3FFE0440 len 00003AE0 (14 KiB): D/IRAM[0m
[0;32mI (227) heap_init: At 3FFE4350 len 0001BCB0 (111 KiB): D/IRAM[0m
[0;32mI (232) heap_init: At 4008CB08 len 000134F8 (77 KiB): IRAM[0m
[0;32mI (238) spi_flash: detected chip: generic[0m
[0;32mI (241) spi_flash: flash io: dio[0m
[0;33mW (244) spi_flash: Detected size(4096k) larger than the size in the binary image header(2048k). Using the size in the binary image header.[0m
[0;32mI (257) main_task: Started on CPU0[0m
[0;32mI (267) main_task: Calling app_main()[0m
[0;32mI (267) TASK1: Task 1 is running[0m
Task 2 is running

assert failed: prvSelectHighestPriorityTaskSMP tasks.c:3642 (xTaskScheduled == ( ( BaseType_t ) 1 ))


Backtrace: 0x40084e75:0x3ffb4220 0x40084e3d:0x3ffb4240 0x4008aec1:0x3ffb4260 0x400863f2:0x3ffb4380 0x40086c66:0x3ffb43a0 0x40085cf8:0x3ffb43c0 0x40085caa:0xa5a5a5a5 |<-CORRUPTED




ELF file SHA256: c3cef06c4

Rebooting...
ets Jul 29 2019 12:21:46

rst:0xc (SW_CPU_RESET),boot:0x13 (SPI_FAST_FLASH_BOOT)
configsip: 0, SPIWP:0xee
clk_drv:0x00,q_drv:0x00,d_drv:0x00,cs0_drv:0x00,hd_drv:0x00,wp_drv:0x00
mode:DIO, clock div:2
load:0x3fff0030,len:6380
ho 0 tail 12 room 4
load:0x40078000,len:15916
load:0x40080400,len:3860
entry 0x40080638
[0;32mI (29) boot: ESP-IDF v5.5.1 2nd stage bootloader[0m
[0;32mI (29) boot: compile time Nov  7 2025 00:02:50[0m
[0;32mI (29) boot: Multicore bootloader[0m
[0;32mI (31) boot: chip revision: v3.1[0m
[0;32mI (33) boot.esp32: SPI Speed      : 40MHz[0m
[0;32mI (37) boot.esp32: SPI Mode       : DIO[0m
[0;32mI (41) boot.esp32: SPI Flash Size : 2MB[0m
[0;32mI (44) boot: Enabling RNG early entropy source...[0m
[0;32mI (49) boot: Partition Table:[0m
[0;32mI (51) boot: ## Label            Usage          Type ST Offset   Length[0m
[0;32mI (58) boot:  0 nvs              WiFi data        01 02 00009000 00006000[0m
[0;32mI (64) boot:  1 phy_init         RF data          01 01 0000f000 00001000[0m
[0;32mI (71) boot:  2 factory          factory app      00 00 00010000 00100000[0m
[0;32mI (77) boot: End of partition table[0m
[0;32mI (80) esp_image: segment 0: paddr=00010020 vaddr=3f400020 size=075e0h ( 30176) map[0m
[0;32mI (98) esp_image: segment 1: paddr=00017608 vaddr=3ffb0000 size=021e8h (  8680) load[0m
[0;32mI (102) esp_image: segment 2: paddr=000197f8 vaddr=40080000 size=06820h ( 26656) load[0m
[0;32mI (113) esp_image: segment 3: paddr=00020020 vaddr=400d0020 size=0fc6ch ( 64620) map[0m
[0;32mI (136) esp_image: segment 4: paddr=0002fc94 vaddr=40086820 size=062e8h ( 25320) load[0m
[0;32mI (146) esp_image: segment 5: paddr=00035f84 vaddr=50000000 size=00020h (    32) load[0m
[0;32mI (152) boot: Loaded app from partition at offset 0x10000[0m
[0;32mI (152) boot: Disabling RNG early entropy source...[0m
[0;32mI (164) cpu_start: Multicore app[0m
[0;32mI (172) cpu_start: Pro cpu start user code[0m
[0;32mI (172) cpu_start: cpu freq: 160000000 Hz[0m
[0;32mI (172) app_init: Application information:[0m
[0;32mI (172) app_init: Project name:     hello_world[0m
[0;32mI (176) app_init: App version:      1[0m
[0;32mI (180) app_init: Compile time:     Nov  7 2025 20:05:14[0m
[0;32mI (185) app_init: ELF file SHA256:  c3cef06c4...[0m
[0;32mI (189) app_init: ESP-IDF:          v5.5.1[0m
[0;32mI (193) efuse_init: Min chip rev:     v0.0[0m
[0;32mI (197) efuse_init: Max chip rev:     v3.99 [0m
[0;32mI (201) efuse_init: Chip rev:         v3.1[0m
[0;32mI (205) heap_init: Initializing. RAM available for dynamic allocation:[0m
[0;32mI (211) heap_init: At 3FFAE6E0 len 00001920 (6 KiB): DRAM[0m
[0;32mI (216) heap_init: At 3FFB2A50 len 0002D5B0 (181 KiB): DRAM[0m
[0;32mI (221) heap_init: At 3FFE0440 len 00003AE0 (14 KiB): D/IRAM[0m
[0;32mI (227) heap_init: At 3FFE4350 len 0001BCB0 (111 KiB): D/IRAM[0m
[0;32mI (232) heap_init: At 4008CB08 len 000134F8 (77 KiB): IRAM[0m
[0;32mI (238) spi_flash: detected chip: generic[0m
[0;32mI (241) spi_flash: flash io: dio[0m
[0;33mW (244) spi_flash: Detected size(4096k) larger than the size in the binary image header(2048k). Using the size in the binary image header.[0m
[0;32mI (257) main_task: Started on CPU0[0m
[0;32mI (267) main_task: Calling app_main()[0m
[0;32mI (267) TASK1: Task 1 is running[0m
Task 2 is running

assert failed: prvSelectHighestPriorityTaskSMP tasks.c:3642 (xTaskScheduled == ( ( BaseType_t ) 1 ))


Backtrace: 0x40084e75:0x3ffb4220 0x40084e3d:0x3ffb4240 0x4008aec1:0x3ffb4
260 0x400863f2:0x3ffb4380 0x40086c66:0x3ffb43a0 0x40085cf8:0x3ff
b43c0 0x40085caa:0xa5a5a5a5 |<-CORRUPTED




ELF file SHA256: c3cef06c4

Rebooting...
ets Jul 29 2019 12:21:46

rst:0xc (SW_CPU_RESET),boot:0x13 (SPI_FAST_FLASH_BOOT)
configsip: 0, SPIWP:0xee
clk_drv:0x00,q_drv:0x00,d_drv:0x00,cs0_drv:0x00,hd_drv:0x00,wp_drv:0x00
mode:DIO, clock div:2
load:0x3fff0030,len:6380
ho 0 tail 12 room 4
load:0x40078000,len:15916
load:0x40080400,len:3860
entry 0x40080638
[0;32mI (29) boot: ESP-IDF v5.5.1 2nd stage bootloader[0m
[0;32mI (29) boot: compile time Nov  7 2025 00:02:50[0m
[0;32mI (29) boot: Multicore bootloader[0m
[0;32mI (31) boot: chip revision: v3.1[0m
[0;32mI (33) boot.esp32: SPI Speed      : 40MHz[0m
[0;32mI (37) boot.esp32: SPI Mode       : DIO[0m
[0;32mI (41) boot.esp32: SPI Flash Size : 2MB[0m
[0;32mI (44) boot: Enabling RNG early entropy source...[0m
[0;32mI (49) boot: Partition Table:[0m
[0;32mI (51) boot: ## Label            Usage          Type ST Offset   Length[0m
[0;32mI (58) boot:  0 nvs              WiFi data        01 02 00009000 00006000[0m
[0;32mI (64) boot:  1 phy_init         RF data          01 01 0000f000 00001000[0m
[0;32mI (71) boot:  2 factory          factory app      00 00 00010000 00100000[0m
[0;32mI (77) boot: End of partition table[0m
[0;32mI (80) esp_image: segment 0: paddr=00010020 vaddr=3f400020 size=075e0h ( 30176) map[0m
[0;32mI (98) esp_image: segment 1: paddr=00017608 vaddr=3ffb0000 size=021e8h (  8680) load[0m
[0;32mI (102) esp_image: segment 2: paddr=000197f8 vaddr=40080000 size=06820h ( 26656) load[0m
[0;32mI (113) esp_image: segment 3: paddr=00020020 vaddr=400d0020 size=0fc6ch ( 64620) map[0m
[0;32mI (136) esp_image: segment 4: paddr=0002fc94 vaddr=40086820 size=062e8h ( 25320) load[0m
[0;32mI (146) esp_image: segment 5: paddr=00035f84 vaddr=50000000 size=00020h (    32) load[0m
[0;32mI (152) boot: Loaded app from partition at offset 0x10000[0m
[0;32mI (152) boot: Disabling RNG early entropy source...[0m
[0;32mI (164) cpu_start: Multicore app[0m
[0;32mI (172) cpu_start: Pro cpu start user code[0m
[0;32mI (172) cpu_start: cpu freq: 160000000 Hz[0m
[0;32mI (172) app_init: Application information:[0m
[0;32mI (172) app_init: Project name:     hello_world[0m
[0;32mI (176) app_init: App version:      1[0m
[0;32mI (180) app_init: Compile time:     Nov  7 2025 20:05:14[0m
[0;32mI (185) app_init: ELF file SHA256:  c3cef06c4...[0m
[0;32mI (189) app_init: ESP-IDF:          v5.5.1[0m
[0;32mI (193) efuse_init: Min chip rev:     v0.0[0m
[0;32mI (197) efuse_init: Max chip rev:     v3.99 [0m
[0;32mI (201) efuse_init: Chip rev:         v3.1[0m
[0;32mI (205) heap_init: Initializing. RAM available for dynamic allocation:[0m
[0;32mI (211) heap_init: At 3FFAE6E0 len 00001920 (6 KiB): DRAM[0m
[0;32mI (216) heap_init: At 3FFB2A50 len 0002D5B0 (181 KiB): DRAM[0m
[0;32mI (221) heap_init: At 3FFE0440 len 00003AE0 (14 KiB): D/IRAM[0m
[0;32mI (227) heap_init: At 3FFE4350 len 0001BCB0 (111 KiB): D/IRAM[0m
[0;32mI (232) heap_init: At 4008CB08 len 000134F8 (77 KiB): IRAM[0m
[0;32mI (238) spi_flash: detected chip: generic[0m
[0;32mI (241) spi_flash: flash io: dio[0m
[0;33mW (244) spi_flash: Detected size(4096k) larger than the size in the binary image header(2048k). Using the size in the binary image header.[0m
[0;32mI (257) main_task: Started on CPU0[0m
[0;32mI (267) main_task: Calling app_main()[0m
[0;32mI (267) TASK1: Task 1 is running[0m
Task 2 is running

assert failed: prvSelectHighestPriorityTaskSMP tasks.c:3642 (xTaskScheduled == ( ( BaseType_t ) 1 ))


Backtrace: 0x40084e75:0x3ffb4220 0x40084e3d:0x3ffb4240 0x4008aec1:0x3ffb4260 0x400863f2:0x3ffb4380 0x40086c66:0x3ffb43a0 0x40085cf8:0x3ffb43c0 0x40085caa:0xa5a5a5a5 |<-CORRUPTED




ELF file SHA256: c3cef06c4

Rebooting...
ets Jul 29 2019 12:21:46

rst:0xc (SW_CPU_RESET),boot:0x13 (SPI_FAST_FLASH_BOOT)
configsip: 0, SPIWP:0xee
clk_drv:0x00,q_drv:0x00,d_drv:0x00,cs0_drv:0x00,hd_drv:0x00,wp_drv:0x00
mode:DIO, clock div:2
load:0x3fff0030,len:6380
ho 0 tail 12 room 4
load:0x40078000,len:15916
load:0x40080400,len:3860
entry 0x40080638
[0;32mI (29) boot: ESP-IDF v5.5.1 2nd stage bootloader[0m
[0;32mI (29) boot: compile time Nov  7 2025 00:02:50[0m
[0;32mI (29) boot: Multicore bootloader[0m
[0;32mI (31) boot: chip revision: v3.1[0m
[0;32mI (33) boot.esp32: SPI Speed      : 40MHz[0m
[0;32mI (37) boot.esp32: SPI Mode       : DIO[0m
[0;32mI (41) boot.esp32: SPI Flash Size : 2MB[0m
[0;32mI (44) boot: Enabling RNG early entropy source...[0m
[0;32mI (49) boot: Partition Table:[0m
[0;32mI (51) boot: ## Label            Usage          Type ST Offset   Length[0m
[0;32mI (58) boot:  0 nvs              WiFi data        01 02 00009000 00006000[0m
[0;32mI (64) boot:  1 phy_init         RF data          01 01 0000f000 00001000[0m
[0;32mI (71) boot:  2 factory          factory app      00 00 00010000 00100000[0m
[0;32mI (77) boot: End of partition table[0m
[0;32mI (80) esp_image: segment 0: paddr=00010020 vaddr=3f400020 size=075e0h ( 30176) map[0m
[0;32mI (98) esp_image: segment 1: paddr=00017608 vaddr=3ffb0000 size=021e8h (  8680) load[0m
[0;32mI (102) esp_image: segment 2: paddr=000197f8 vaddr=40080000 size=06820h ( 26656) load[0m
[0;32mI (113) esp_image: segment 3: paddr=00020020 vaddr=400d0020 size=0fc6ch ( 64620) map[0m
[0;32mI (136) esp_image: segment 4: paddr=0002fc94 vaddr=40086820 size=062e8h ( 25320) load[0m
[0;32mI (146) esp_image: segment 5: paddr=00035f84 vaddr=50000000 size=00020h (    32) load[0m
[0;32mI (152) boot: Loaded app from partition at offset 0x10000[0m
[0;32mI (152) boot: Disabling RNG early entropy source...[0m
[0;32mI (164) cpu_start: Multicore app[0m
[0;32mI (172) cpu_start: Pro cpu start user code[0m
[0;32mI (172) cpu_start: cpu freq: 160000000 Hz[0m
[0;32mI (172) app_init: Application information:[0m
[0;32mI (172) app_init: Project name:     hello_world[0m
[0;32mI (176) app_init: App version:      1[0m
[0;32mI (180) app_init: Compile time:     Nov  7 2025 20:05:14[0m
[0;32mI (185) app_init: ELF file SHA256:  c3cef06c4...[0m
[0;32mI (189) app_init: ESP-IDF:          v5.5.1[0m
[0;32mI (193) efuse_init: Min chip rev:     v0.0[0m
[0;32mI (197) efuse_init: Max chip rev:     v3.99 [0m
[0;32mI (201) efuse_init: Chip rev:         v3.1[0m
[0;32mI (205) heap_init: Initializing. RAM available for dynamic allocation:[0m
[0;32mI (211) heap_init: At 3FFAE6E0 len 00001920 (6 KiB): DRAM[0m
[0;32mI (216) heap_init: At 3FFB2A50 len 0002D5B0 (181 KiB): DRAM[0m
[0;32mI (221) heap_init: At 3FFE0440 len 00003AE0 (14 KiB): D/IRAM[0m
[0;32mI (227) heap_init: At 3FFE4350 len 0001BCB0 (111 KiB): D/IRAM[0m
[0;32mI (232) heap_init: At 4008CB08 len 000134F8 (77 KiB): IRAM[0m
[0;32mI (238) spi_flash: detected chip: generic[0m
[0;32mI (241) spi_flash: flash io: dio[0m
[0;33mW (244) spi_flash: Detected size(4096k) larger than the size in the binary image header(2048k). Using the size in the binary image header.[0m
[0;32mI (257) main_task: Started on CPU0[0m
[0;32mI (267) main_task: Calling app_main()[0m
[0;32mI (267) TASK1: Task 1 is running[0m
Task 2 is running

assert failed: prvSelectHighestPriorityTaskSMP tasks.c:3642 (xTaskScheduled == ( ( BaseType_t ) 1 ))


Backtrace: 0x40084e75:0x3ffb4220 0x40084e3d:0x3ffb4240 0x4008aec1:0x3ffb4
260 0x400863f2:0x3ffb4380 0x40086c66:0x3ffb43a0 0x40085cf8:0x3ff
b43c0 0x40085caa:0xa5a5a5a5 |<-CORRUPTED




ELF file SHA256: c3cef06c4

Rebooting...
ets Jul 29 2019 12:21:46

rst:0xc (SW_CPU_RESET),boot:0x13 (SPI_FAST_FLASH_BOOT)
configsip: 0, SPIWP:0xee
clk_drv:0x00,q_drv:0x00,d_drv:0x00,cs0_drv:0x00,hd_drv:0x00,wp_drv:0x00
mode:DIO, clock div:2
load:0x3fff0030,len:6380
ho 0 tail 12 room 4
load:0x40078000,len:15916
load:0x40080400,len:3860
entry 0x40080638
[0;32mI (29) boot: ESP-IDF v5.5.1 2nd stage bootloader[0m
[0;32mI (29) boot: compile time Nov  7 2025 00:02:50[0m
[0;32mI (29) boot: Multicore bootloader[0m
[0;32mI (31) boot: chip revision: v3.1[0m
[0;32mI (33) boot.esp32: SPI Speed      : 40MHz[0m
[0;32mI (37) boot.esp32: SPI Mode       : DIO[0m
[0;32mI (41) boot.esp32: SPI Flash Size : 2MB[0m
[0;32mI (44) boot: Enabling RNG early entropy source...[0m
[0;32mI (49) boot: Partition Table:[0m
[0;32mI (51) boot: ## Label            Usage          Type ST Offset   Length[0m
[0;32mI (58) boot:  0 nvs              WiFi data        01 02 00009000 00006000[0m
[0;32mI (64) boot:  1 phy_init         RF data          01 01 0000f000 00001000[0m
[0;32mI (71) boot:  2 factory          factory app      00 00 00010000 00100000[0m
[0;32mI (77) boot: End of partition table[0m
[0;32mI (80) esp_image: segment 0: paddr=00010020 vaddr=3f400020 size=075e0h ( 30176) map[0m
[0;32mI (98) esp_image: segment 1: paddr=00017608 vaddr=3ffb0000 size=021e8h (  8680) load[0m
[0;32mI (102) esp_image: segment 2: paddr=000197f8 vaddr=40080000 size=06820h ( 26656) load[0m
[0;32mI (113) esp_image: segment 3: paddr=00020020 vaddr=400d0020 size=0fc6ch ( 64620) map[0m
[0;32mI (136) esp_image: segment 4: paddr=0002fc94 vaddr=40086820 size=062e8h ( 25320) load[0m
[0;32mI (146) esp_image: segment 5: paddr=00035f84 vaddr=50000000 size=00020h (    32) load[0m
[0;32mI (152) boot: Loaded app from partition at offset 0x10000[0m
[0;32mI (152) boot: Disabling RNG early entropy source...[0m
[0;32mI (164) cpu_start: Multicore app[0m
[0;32mI (172) cpu_start: Pro cpu start user code[0m
[0;32mI (172) cpu_start: cpu freq: 160000000 Hz[0m
[0;32mI (172) app_init: Application information:[0m
[0;32mI (172) app_init: Project name:     hello_world[0m
[0;32mI (176) app_init: App version:      1[0m
[0;32mI (180) app_init: Compile time:     Nov  7 2025 20:05:14[0m
[0;32mI (185) app_init: ELF file SHA256:  c3cef06c4...[0m
[0;32mI (189) app_init: ESP-IDF:          v5.5.1[0m
[0;32mI (193) efuse_init: Min chip rev:     v0.0[0m
[0;32mI (197) efuse_init: Max chip rev:     v3.99 [0m
[0;32mI (201) efuse_init: Chip rev:         v3.1[0m
[0;32mI (205) heap_init: Initializing. RAM available for dynamic allocation:[0m
[0;32mI (211) heap_init: At 3FFAE6E0 len 00001920 (6 KiB): DRAM[0m
[0;32mI (216) heap_init: At 3FFB2A50 len 0002D5B0 (181 KiB): DRAM[0m
[0;32mI (221) heap_init: At 3FFE0440 len 00003AE0 (14 KiB): D/IRAM[0m
[0;32mI (227) heap_init: At 3FFE4350 len 0001BCB0 (111 KiB): D/IRAM[0m
[0;32mI (232) heap_init: At 4008CB08 len 000134F8 (77 KiB): IRAM[0m
[0;32mI (238) spi_flash: detected chip: generic[0m
[0;32mI (241) spi_flash: flash io: dio[0m
[0;33mW (244) spi_flash: Detected size(4096k) larger than the size in the binary image header(2048k). Using the size in the binary image header.[0m
[0;32mI (257) main_task: Started on CPU0[0m
[0;32mI (267) main_task: Calling app_main()[0m
[0;32mI (267) TASK1: Task 1 is running[0m
Task 2 is running

assert failed: prvSelectHighestPriorityTaskSMP tasks.c:3642 (xTaskScheduled == ( ( BaseType_t ) 1 ))


Backtrace: 0x40084e75:0x3ffb4220 0x40084e3d:0x3ffb4240 0x4008aec1:0x3ffb4260 0x400863f2:0x3ffb4380 0x40086c66:0x3ffb43a0 0x40085cf8:0x3ffb43c0 0x40085caa:0xa5a5a5a5 |<-CORRUPTED




ELF file SHA256: c3cef06c4

Rebooting...
ets Jul 29 2019 12:21:46

rst:0xc (SW_CPU_RESET),boot:0x13 (SPI_FAST_FLASH_BOOT)
configsip: 0, SPIWP:0xee
clk_drv:0x00,q_drv:0x00,d_drv:0x00,cs0_drv:0x00,hd_drv:0x00,wp_drv:0x00
mode:DIO, clock div:2
load:0x3fff0030,len:6380
ho 0 tail 12 room 4
load:0x40078000,len:15916
load:0x40080400,len:3860
entry 0x40080638
[0;32mI (29) boot: ESP-IDF v5.5.1 2nd stage bootloader[0m
[0;32mI (29) boot: compile time Nov  7 2025 00:02:50[0m
[0;32mI (29) boot: Multicore bootloader[0m
[0;32mI (31) boot: chip revision: v3.1[0m
[0;32mI (33) boot.esp32: SPI Speed      : 40MHz[0m
[0;32mI (37) boot.esp32: SPI Mode       : DIO[0m
[0;32mI (41) boot.esp32: SPI Flash Size : 2MB[0m
[0;32mI (44) boot: Enabling RNG early entropy source...[0m
[0;32mI (49) boot: Partition Table:[0m
[0;32mI (51) boot: ## Label            Usage          Type ST Offset   Length[0m
[0;32mI (58) boot:  0 nvs              WiFi data        01 02 00009000 00006000[0m
[0;32mI (64) boot:  1 phy_init         RF data          01 01 0000f000 00001000[0m
[0;32mI (71) boot:  2 factory          factory app      00 00 00010000 00100000[0m
[0;32mI (77) boot: End of partition table[0m
[0;32mI (80) esp_image: segment 0: paddr=00010020 vaddr=3f400020 size=075e0h ( 30176) map[0m
[0;32mI (98) esp_image: segment 1: paddr=00017608 vaddr=3ffb0000 size=021e8h (  8680) load[0m
[0;32mI (102) esp_image: segment 2: paddr=000197f8 vaddr=40080000 size=06820h ( 26656) load[0m
[0;32mI (113) esp_image: segment 3: paddr=00020020 vaddr=400d0020 size=0fc6ch ( 64620) map[0m
[0;32mI (136) esp_image: segment 4: paddr=0002fc94 vaddr=40086820 size=062e8h ( 25320) load[0m
[0;32mI (146) esp_image: segment 5: paddr=00035f84 vaddr=50000000 size=00020h (    32) load[0m
[0;32mI (152) boot: Loaded app from partition at offset 0x10000[0m
[0;32mI (152) boot: Disabling RNG early entropy source...[0m
[0;32mI (164) cpu_start: Multicore app[0m
[0;32mI (172) cpu_start: Pro cpu start user code[0m
[0;32mI (172) cpu_start: cpu freq: 160000000 Hz[0m
[0;32mI (172) app_init: Application information:[0m
[0;32mI (172) app_init: Project name:     hello_world[0m
[0;32mI (176) app_init: App version:      1[0m
[0;32mI (180) app_init: Compile time:     Nov  7 2025 20:05:14[0m
[0;32mI (185) app_init: ELF file SHA256:  c3cef06c4...[0m
[0;32mI (189) app_init: ESP-IDF:          v5.5.1[0m
[0;32mI (193) efuse_init: Min chip rev:     v0.0[0m
[0;32mI (197) efuse_init: Max chip rev:     v3.99 [0m
[0;32mI (201) efuse_init: Chip rev:         v3.1[0m
[0;32mI (205) heap_init: Initializing. RAM available for dynamic allocation:[0m
[0;32mI (211) heap_init: At 3FFAE6E0 len 00001920 (6 KiB): DRAM[0m
[0;32mI (216) heap_init: At 3FFB2A50 len 0002D5B0 (181 KiB): DRAM[0m
[0;32mI (221) heap_init: At 3FFE0440 len 00003AE0 (14 KiB): D/IRAM[0m
[0;32mI (227) heap_init: At 3FFE4350 len 0001BCB0 (111 KiB): D/IRAM[0m
[0;32mI (232) heap_init: At 4008CB08 len 000134F8 (77 KiB): IRAM[0m
[0;32mI (238) spi_flash: detected chip: generic[0m
[0;32mI (241) spi_flash: flash io: dio[0m
[0;33mW (244) spi_flash: Detected size(4096k) larger than the size in the binary image header(2048k). Using the size in the binary image header.[0m
[0;32mI (257) main_task: Started on CPU0[0m
[0;32mI (267) main_task: Calling app_main()[0m
[0;32mI (267) TASK1: Task 1 is running[0m
Task 2 is running

assert failed: prvSelectHighestPriorityTaskSMP tasks.c:3642 (xTaskScheduled == ( ( BaseType_t ) 1 ))


Backtrace: 0x40084e75:0x3ffb4220 0x40084e3d:0x3ffb4240 0x4008aec1:0x3ffb4260 0x400863f2:0x3ffb4380 0x40086c66:0x3ffb43a0 0x40085cf8:0x3ffb43c0 0x40085caa:0xa5a5a5a5 |<-CORRUPTED




ELF file SHA256: c3cef06c4

Rebooting...
ets Jul 29 2019 12:21:46

rst:0xc (SW_CPU_RESET),boot:0x13 (SPI_FAST_FLASH_BOOT)
configsip: 0, SPIWP:0xee
clk_drv:0x00,q_drv:0x00,d_drv:0x00,cs0_drv:0x00,hd_drv:0x00,wp_drv:0x00
mode:DIO, clock div:2
load:0x3fff0030,len:6380
ho 0 tail 12 room 4
load:0x40078000,len:15916
load:0x40080400,len:3860
entry 0x40080638
[0;32mI (29) boot: ESP-IDF v5.5.1 2nd stage bootloader[0m
[0;32mI (29) boot: compile time Nov  7 2025 00:02:50[0m
[0;32mI (29) boot: Multicore bootloader[0m
[0;32mI (31) boot: chip revision: v3.1[0m
[0;32mI (33) boot.esp32: SPI Speed      : 40MHz[0m
[0;32mI (37) boot.esp32: SPI Mode       : DIO[0m
[0;32mI (41) boot.esp32: SPI Flash Size : 2MB[0m
[0;32mI (44) boot: Enabling RNG early entropy source...[0m
[0;32mI (49) boot: Partition Table:[0m
[0;32mI (51) boot: ## Label            Usage          Type ST Offset   Length[0m
[0;32mI (58) boot:  0 nvs              WiFi data        01 02 00009000 00006000[0m
[0;32mI (64) boot:  1 phy_init         RF data          01 01 0000f000 00001000[0m
[0;32mI (71) boot:  2 factory          factory app      00 00 00010000 00100000[0m
[0;32mI (77) boot: End of partition table[0m
[0;32mI (80) esp_image: segment 0: paddr=00010020 vaddr=3f400020 size=075e0h ( 30176) map[0m
[0;32mI (98) esp_image: segment 1: paddr=00017608 vaddr=3ffb0000 size=021e8h (  8680) load[0m
[0;32mI (102) esp_image: segment 2: paddr=000197f8 vaddr=40080000 size=06820h ( 26656) load[0m
[0;32mI (113) esp_image: segment 3: paddr=00020020 vaddr=400d0020 size=0fc6ch ( 64620) map[0m
[0;32mI (136) esp_image: segment 4: paddr=0002fc94 vaddr=40086820 size=062e8h ( 25320) load[0m
[0;32mI (146) esp_image: segment 5: paddr=00035f84 vaddr=50000000 size=00020h (    32) load[0m
[0;32mI (152) boot: Loaded app from partition at offset 0x10000[0m
[0;32mI (152) boot: Disabling RNG early entropy source...[0m
[0;32mI (164) cpu_start: Multicore app[0m
[0;32mI (172) cpu_start: Pro cpu start user code[0m
[0;32mI (172) cpu_start: cpu freq: 160000000 Hz[0m
[0;32mI (172) app_init: Application information:[0m
[0;32mI (172) app_init: Project name:     hello_world[0m
[0;32mI (176) app_init: App version:      1[0m
[0;32mI (180) app_init: Compile time:     Nov  7 2025 20:05:14[0m
[0;32mI (185) app_init: ELF file SHA256:  c3cef06c4...[0m
[0;32mI (189) app_init: ESP-IDF:          v5.5.1[0m
[0;32mI (193) efuse_init: Min chip rev:     v0.0[0m
[0;32mI (197) efuse_init: Max chip rev:     v3.99 [0m
[0;32mI (201) efuse_init: Chip rev:         v3.1[0m
[0;32mI (205) heap_init: Initializing. RAM available for dynamic allocation:[0m
[0;32mI (211) heap_init: At 3FFAE6E0 len 00001920 (6 KiB): DRAM[0m
[0;32mI (216) heap_init: At 3FFB2A50 len 0002D5B0 (181 KiB): DRAM[0m
[0;32mI (221) heap_init: At 3FFE0440 len 00003AE0 (14 KiB): D/IRAM[0m
[0;32mI (227) heap_init: At 3FFE4350 len 0001BCB0 (111 KiB): D/IRAM[0m
[0;32mI (232) heap_init: At 4008CB08 len 000134F8 (77 KiB): IRAM[0m
[0;32mI (238) spi_flash: detected chip: generic[0m
[0;32mI (241) spi_flash: flash io: dio[0m
[0;33mW (244) spi_flash: Detected size(4096k) larger than the size in the binary image header(2048k). Using the size in the binary image header.[0m
[0;32mI (257) main_task: Started on CPU0[0m
[0;32mI (267) main_task: Calling app_main()[0m
[0;32mI (267) TASK1: Task 1 is running[0m
Task 2 is running

assert failed: prvSelectHighestPriorityTaskSMP tasks.c:3642 (xTaskScheduled == ( ( BaseType_t ) 1 ))


Backtrace: 0x40084e75:0x3ffb4220 0x40084e3d:0x3ffb4240 0x4008aec1:0x3ffb4260 0x400863f2:0x3ffb4380 0x40086c66:0x3ffb43a0 0x40085cf8:0x3ffb43c0 0x40085caa:0xa5a5a5a5 |<-CORRUPTED




ELF file SHA256: c3cef06c4

Rebooting...
ets Jul 29 2019 12:21:46

rst:0xc (SW_CPU_RESET),boot:0x13 (SPI_FAST_FLASH_BOOT)
configsip: 0, SPIWP:0xee
clk_drv:0x00,q_drv:0x00,d_drv:0x00,cs0_drv:0x00,hd_drv:0x00,wp_drv:0x00
mode:DIO, clock div:2
load:0x3fff0030,len:6380
ho 0 tail 12 room 4
load:0x40078000,len:15916
load:0x40080400,len:3860
entry 0x40080638
[0;32mI (29) boot: ESP-IDF v5.5.1 2nd stage bootloader[0m
[0;32mI (29) boot: compile time Nov  7 2025 00:02:50[0m
[0;32mI (29) boot: Multicore bootloader[0m
[0;32mI (31) boot: chip revision: v3.1[0m
[0;32mI (33) boot.esp32: SPI Speed      : 40MHz[0m
[0;32mI (37) boot.esp32: SPI Mode       : DIO[0m
[0;32mI (41) boot.esp32: SPI Flash Size : 2MB[0m
[0;32mI (44) boot: Enabling RNG early entropy source...[0m
[0;32mI (49) boot: Partition Table:[0m
[0;32mI (51) boot: ## Label            Usage          Type ST Offset   Length[0m
[0;32mI (58) boot:  0 nvs              WiFi data        01 02 00009000 00006000[0m
[0;32mI (64) boot:  1 phy_init         RF data          01 01 0000f000 00001000[0m
[0;32mI (71) boot:  2 factory          factory app      00 00 00010000 00100000[0m
[0;32mI (77) boot: End of partition table[0m
[0;32mI (80) esp_image: segment 0: paddr=00010020 vaddr=3f400020 size=075e0h ( 30176) map[0m
[0;32mI (98) esp_image: segment 1: paddr=00017608 vaddr=3ffb0000 size=021e8h (  8680) load[0m
[0;32mI (102) esp_image: segment 2: paddr=000197f8 vaddr=40080000 size=06820h ( 26656) load[0m
[0;32mI (113) esp_image: segment 3: paddr=00020020 vaddr=400d0020 size=0fc6ch ( 64620) map[0m
[0;32mI (136) esp_image: segment 4: paddr=0002fc94 vaddr=40086820 size=062e8h ( 25320) load[0m
[0;32mI (146) esp_image: segment 5: paddr=00035f84 vaddr=50000000 size=00020h (    32) load[0m
[0;32mI (152) boot: Loaded app from partition at offset 0x10000[0m
[0;32mI (152) boot: Disabling RNG early entropy source...[0m
[0;32mI (164) cpu_start: Multicore app[0m
[0;32mI (172) cpu_start: Pro cpu start user code[0m
[0;32mI (172) cpu_start: cpu freq: 160000000 Hz[0m
[0;32mI (172) app_init: Application information:[0m
[0;32mI (172) app_init: Project name:     hello_world[0m
[0;32mI (176) app_init: App version:      1[0m
[0;32mI (180) app_init: Compile time:     Nov  7 2025 20:05:14[0m
[0;32mI (185) app_init: ELF file SHA256:  c3cef06c4...[0m
[0;32mI (189) app_init: ESP-IDF:          v5.5.1[0m
[0;32mI (193) efuse_init: Min chip rev:     v0.0[0m
[0;32mI (197) efuse_init: Max chip rev:     v3.99 [0m
[0;32mI (201) efuse_init: Chip rev:         v3.1[0m
[0;32mI (205) heap_init: Initializing. RAM available for dynamic allocation:[0m
[0;32mI (211) heap_init: At 3FFAE6E0 len 00001920 (6 KiB): DRAM[0m
[0;32mI (216) heap_init: At 3FFB2A50 len 0002D5B0 (181 KiB): DRAM[0m
[0;32mI (221) heap_init: At 3FFE0440 len 00003AE0 (14 KiB): D/IRAM[0m
[0;32mI (227) heap_init: At 3FFE4350 len 0001BCB0 (111 KiB): D/IRAM[0m
[0;32mI (232) heap_init: At 4008CB08 len 000134F8 (77 KiB): IRAM[0m
[0;32mI (238) spi_flash: detected chip: generic[0m
[0;32mI (241) spi_flash: flash io: dio[0m
[0;33mW (244) spi_flash: Detected size(4096k) larger than the size in the binary image header(2048k). Using the size in the binary image header.[0m
[0;32mI (257) main_task: Started on CPU0[0m
[0;32mI (267) main_task: Calling app_main()[0m
[0;32mI (267) TASK1: Task 1 is running[0m
Task 2 is running

assert failed: prvSelectHighestPriorityTaskSMP tasks.c:3642 (xTaskScheduled == ( ( BaseType_t ) 1 ))


Backtrace: 0x40084e75:0x3ffb4220 0x40084e3d:0x3ffb4240 0x4008aec1:0x3ffb4260 0x400863f2:0x3ffb4380 0x40086c66:0x3ffb43a0 0x40085cf8:0x3ffb43c0 0x40085caa:0xa5a5a5a5 |<-CORRUPTED




ELF file SHA256: c3cef06c4

Rebooting...
ets Jul 29 2019 12:21:46

rst:0xc (SW_CPU_RESET),boot:0x13 (SPI_FAST_FLASH_BOOT)
configsip: 0, SPIWP:0xee
clk_drv:0x00,q_drv:0x00,d_drv:0x00,cs0_drv:0x00,hd_drv:0x00,wp_drv:0x00
mode:DIO, clock div:2
load:0x3fff0030,len:6380
ho 0 tail 12 room 4
load:0x40078000,len:15916
load:0x40080400,len:3860
entry 0x40080638
[0;32mI (29) boot: ESP-IDF v5.5.1 2nd stage bootloader[0m
[0;32mI (29) boot: compile time Nov  7 2025 00:02:50[0m
[0;32mI (29) boot: Multicore bootloader[0m
[0;32mI (31) boot: chip revision: v3.1[0m
[0;32mI (33) boot.esp32: SPI Speed      : 40MHz[0m
[0;32mI (37) boot.esp32: SPI Mode       : DIO[0m
[0;32mI (41) boot.esp32: SPI Flash Size : 2MB[0m
[0;32mI (44) boot: Enabling RNG early entropy source...[0m
[0;32mI (49) boot: Partition Table:[0m
[0;32mI (51) boot: ## Label            Usage          Type ST Offset   Length[0m
[0;32mI (58) boot:  0 nvs              WiFi data        01 02 00009000 00006000[0m
[0;32mI (64) boot:  1 phy_init         RF data          01 01 0000f000 00001000[0m
[0;32mI (71) boot:  2 factory          factory app      00 00 00010000 00100000[0m
[0;32mI (77) boot: End of partition table[0m
[0;32mI (80) esp_image: segment 0: paddr=00010020 vaddr=3f400020 size=075e0h ( 30176) map[0m
[0;32mI (98) esp_image: segment 1: paddr=00017608 vaddr=3ffb0000 size=021e8h (  8680) load[0m
[0;32mI (102) esp_image: segment 2: paddr=000197f8 vaddr=40080000 size=06820h ( 26656) load[0m
[0;32mI (113) esp_image: segment 3: paddr=00020020 vaddr=400d0020 size=0fc6ch ( 64620) map[0m
[0;32mI (136) esp_image: segment 4: paddr=0002fc94 vaddr=40086820 size=062e8h ( 25320) load[0m
[0;32mI (146) esp_image: segment 5: paddr=00035f84 vaddr=50000000 size=00020h (    32) load[0m
[0;32mI (152) boot: Loaded app from partition at offset 0x10000[0m
[0;32mI (152) boot: Disabling RNG early entropy source...[0m
[0;32mI (164) cpu_start: Multicore app[0m
[0;32mI (172) cpu_start: Pro cpu start user code[0m
[0;32mI (172) cpu_start: cpu freq: 160000000 Hz[0m
[0;32mI (172) app_init: Application information:[0m
[0;32mI (172) app_init: Project name:     hello_world[0m
[0;32mI (176) app_init: App version:      1[0m
[0;32mI (180) app_init: Compile time:     Nov  7 2025 20:05:14[0m
[0;32mI (185) app_init: ELF file SHA256:  c3cef06c4...[0m
[0;32mI (189) app_init: ESP-IDF:          v5.5.1[0m
[0;32mI (193) efuse_init: Min chip rev:     v0.0[0m
[0;32mI (197) efuse_init: Max chip rev:     v3.99 [0m
[0;32mI (201) efuse_init: Chip rev:         v3.1[0m
[0;32mI (205) heap_init: Initializing. RAM available for dynamic allocation:[0m
[0;32mI (211) heap_init: At 3FFAE6E0 len 00001920 (6 KiB): DRAM[0m
[0;32mI (216) heap_init: At 3FFB2A50 len 0002D5B0 (181 KiB): DRAM[0m
[0;32mI (221) heap_init: At 3FFE0440 len 00003AE0 (14 KiB): D/IRAM[0m
[0;32mI (227) heap_init: At 3FFE4350 len 0001BCB0 (111 KiB): D/IRAM[0m
[0;32mI (232) heap_init: At 4008CB08 len 000134F8 (77 KiB): IRAM[0m
[0;32mI (238) spi_flash: detected chip: generic[0m
[0;32mI (241) spi_flash: flash io: dio[0m
[0;33mW (244) spi_flash: Detected size(4096k) larger than the size in the binary image header(2048k). Using the size in the binary image header.[0m
[0;32mI (257) main_task: Started on CPU0[0m
[0;32mI (267) main_task: Calling app_main()[0m
[0;32mI (267) TASK1: Task 1 is running[0m
Task 2 is running

assert failed: prvSelectHighestPriorityTaskSMP tasks.c:3642 (xTaskScheduled == ( ( BaseType_t ) 1 ))


Backtrace: 0x40084e75:0x3ffb4220 0x40084e3d:0x3ffb4240 0x4008aec1:0x3ffb4260 0x400863f2:0x3ffb4380 0x40086c66:0x3ffb43a0 0x40085cf8:0x3ffb43c0 0x40085caa:0xa5a5a5a5 |<-CORRUPTED




ELF file SHA256: c3cef06c4

Rebooting...
ets Jul 29 2019 12:21:46

rst:0xc (SW_CPU_RESET),boot:0x13 (SPI_FAST_FLASH_BOOT)
configsip: 0, SPIWP:0xee
clk_drv:0x00,q_drv:0x00,d_drv:0x00,cs0_drv:0x00,hd_drv:0x00,wp_drv:0x00
mode:DIO, clock div:2
load:0x3fff0030,len:6380
ho 0 tail 12 room 4
load:0x40078000,len:15916
load:0x40080400,len:3860
entry 0x40080638
[0;32mI (29) boot: ESP-IDF v5.5.1 2nd stage bootloader[0m
[0;32mI (29) boot: compile time Nov  7 2025 00:02:50[0m
[0;32mI (29) boot: Multicore bootloader[0m
[0;32mI (31) boot: chip revision: v3.1[0m
[0;32mI (33) boot.esp32: SPI Speed      : 40MHz[0m
[0;32mI (37) boot.esp32: SPI Mode       : DIO[0m
[0;32mI (41) boot.esp32: SPI Flash Size : 2MB[0m
[0;32mI (44) boot: Enabling RNG early entropy source...[0m
[0;32mI (49) boot: Partition Table:[0m
[0;32mI (51) boot: ## Label            Usage          Type ST Offset   Length[0m
[0;32mI (58) boot:  0 nvs              WiFi data        01 02 00009000 00006000[0m
[0;32mI (64) boot:  1 phy_init         RF data          01 01 0000f000 00001000[0m
[0;32mI (71) boot:  2 factory          factory app      00 00 00010000 00100000[0m
[0;32mI (77) boot: End of partition table[0m
[0;32mI (80) esp_image: segment 0: paddr=00010020 vaddr=3f400020 size=075e0h ( 30176) map[0m
[0;32mI (98) esp_image: segment 1: paddr=00017608 vaddr=3ffb0000 size=021e8h (  8680) load[0m
[0;32mI (102) esp_image: segment 2: paddr=000197f8 vaddr=40080000 size=06820h ( 26656) load[0m
[0;32mI (113) esp_image: segment 3: paddr=00020020 vaddr=400d0020 size=0fc6ch ( 64620) map[0m
[0;32mI (136) esp_image: segment 4: paddr=0002fc94 vaddr=40086820 size=062e8h ( 25320) load[0m
[0;32mI (146) esp_image: segment 5: paddr=00035f84 vaddr=50000000 size=00020h (    32) load[0m
[0;32mI (152) boot: Loaded app from partition at offset 0x10000[0m
[0;32mI (152) boot: Disabling RNG early entropy source...[0m
[0;32mI (164) cpu_start: Multicore app[0m
[0;32mI (172) cpu_start: Pro cpu start user code[0m
[0;32mI (172) cpu_start: cpu freq: 160000000 Hz[0m
[0;32mI (172) app_init: Application information:[0m
[0;32mI (172) app_init: Project name:     hello_world[0m
[0;32mI (176) app_init: App version:      1[0m
[0;32mI (180) app_init: Compile time:     Nov  7 2025 20:05:14[0m
[0;32mI (185) app_init: ELF file SHA256:  c3cef06c4...[0m
[0;32mI (189) app_init: ESP-IDF:          v5.5.1[0m
[0;32mI (193) efuse_init: Min chip rev:     v0.0[0m
[0;32mI (197) efuse_init: Max chip rev:     v3.99 [0m
[0;32mI (201) efuse_init: Chip rev:         v3.1[0m
[0;32mI (205) heap_init: Initializing. RAM available for dynamic allocation:[0m
[0;32mI (211) heap_init: At 3FFAE6E0 len 00001920 (6 KiB): DRAM[0m
[0;32mI (216) heap_init: At 3FFB2A50 len 0002D5B0 (181 KiB): DRAM[0m
[0;32mI (221) heap_init: At 3FFE0440 len 00003AE0 (14 KiB): D/IRAM[0m
[0;32mI (227) heap_init: At 3FFE4350 len 0001BCB0 (111 KiB): D/IRAM[0m
[0;32mI (232) heap_init: At 4008CB08 len 000134F8 (77 KiB): IRAM[0m
[0;32mI (238) spi_flash: detected chip: generic[0m
[0;32mI (241) spi_flash: flash io: dio[0m
[0;33mW (244) spi_flash: Detected size(4096k) larger than the size in the binary image header(2048k). Using the size in the binary image header.[0m
[0;32mI (257) main_task: Started on CPU0[0m
[0;32mI (267) main_task: Calling app_main()[0m
[0;32mI (267) TASK1: Task 1 is running[0m
Task 2 is running

assert failed: prvSelectHighestPriorityTaskSMP tasks.c:3642 (xTaskScheduled == ( ( BaseType_t ) 1 ))


Backtrace: 0x40084e75:0x3ffb4220 0x40084e3d:0x3ffb4240 0x4008aec1:0x3ffb4260 0x400863f2:0x3ffb4380 0x40086c66:0x3ffb43a0 0x40085cf8:0x3ffb43c0 0x40085caa:0xa5a5a5a5 |<-CORRUPTED




ELF file SHA256: c3cef06c4

Rebooting...
ets Jul 29 2019 12:21:46

rst:0xc (SW_CPU_RESET),boot:0x13 (SPI_FAST_FLASH_BOOT)
configsip: 0, SPIWP:0xee
clk_drv:0x00,q_drv:0x00,d_drv:0x00,cs0_drv:0x00,hd_drv:0x00,wp_drv:0x00
mode:DIO, clock div:2
load:0x3fff0030,len:6380
ho 0 tail 12 room 4
load:0x40078000,len:15916
load:0x40080400,len:3860
entry 0x40080638
[0;32mI (29) boot: ESP-IDF v5.5.1 2nd stage bootloader[0m
[0;32mI (29) boot: compile time Nov  7 2025 00:02:50[0m
[0;32mI (29) boot: Multicore bootloader[0m
[0;32mI (31) boot: chip revision: v3.1[0m
[0;32mI (33) boot.esp32: SPI Speed      : 40MHz[0m
[0;32mI (37) boot.esp32: SPI Mode       : DIO[0m
[0;32mI (41) boot.esp32: SPI Flash Size : 2MB[0m
[0;32mI (44) boot: Enabling RNG early entropy source...[0m
[0;32mI (49) boot: Partition Table:[0m
[0;32mI (51) boot: ## Label            Usage          Type ST Offset   Length[0m
[0;32mI (58) boot:  0 nvs              WiFi data        01 02 00009000 00006000[0m
[0;32mI (64) boot:  1 phy_init         RF data          01 01 0000f000 00001000[0m
[0;32mI (71) boot:  2 factory          factory app      00 00 00010000 00100000[0m
[0;32mI (77) boot: End of partition table[0m
[0;32mI (80) esp_image: segment 0: paddr=00010020 vaddr=3f400020 size=075e0h ( 30176) map[0m
[0;32mI (98) esp_image: segment 1: paddr=00017608 vaddr=3ffb0000 size=021e8h (  8680) load[0m
[0;32mI (102) esp_image: segment 2: paddr=000197f8 vaddr=40080000 size=06820h ( 26656) load[0m
[0;32mI (113) esp_image: segment 3: paddr=00020020 vaddr=400d0020 size=0fc6ch ( 64620) map[0m
[0;32mI (136) esp_image: segment 4: paddr=0002fc94 vaddr=40086820 size=062e8h ( 25320) load[0m
[0;32mI (146) esp_image: segment 5: paddr=00035f84 vaddr=50000000 size=00020h (    32) load[0m
[0;32mI (152) boot: Loaded app from partition at offset 0x10000[0m
[0;32mI (152) boot: Disabling RNG early entropy source...[0m
[0;32mI (164) cpu_start: Multicore app[0m
[0;32mI (172) cpu_start: Pro cpu start user code[0m
[0;32mI (172) cpu_start: cpu freq: 160000000 Hz[0m
[0;32mI (172) app_init: Application information:[0m
[0;32mI (172) app_init: Project name:     hello_world[0m
[0;32mI (176) app_init: App version:      1[0m
[0;32mI (180) app_init: Compile time:     Nov  7 2025 20:05:14[0m
[0;32mI (185) app_init: ELF file SHA256:  c3cef06c4...[0m
[0;32mI (189) app_init: ESP-IDF:          v5.5.1[0m
[0;32mI (193) efuse_init: Min chip rev:     v0.0[0m
[0;32mI (197) efuse_init: Max chip rev:     v3.99 [0m
[0;32mI (201) efuse_init: Chip rev:         v3.1[0m
[0;32mI (205) heap_init: Initializing. RAM available for dynamic allocation:[0m
[0;32mI (211) heap_init: At 3FFAE6E0 len 00001920 (6 KiB): DRAM[0m
[0;32mI (216) heap_init: At 3FFB2A50 len 0002D5B0 (181 KiB): DRAM[0m
[0;32mI (221) heap_init: At 3FFE0440 len 00003AE0 (14 KiB): D/IRAM[0m
[0;32mI (227) heap_init: At 3FFE4350 len 0001BCB0 (111 KiB): D/IRAM[0m
[0;32mI (232) heap_init: At 4008CB08 len 000134F8 (77 KiB): IRAM[0m
[0;32mI (238) spi_flash: detected chip: generic[0m
[0;32mI (241) spi_flash: flash io: dio[0m
[0;33mW (244) spi_flash: Detected size(4096k) larger than the size in the binary image header(2048k). Using the size in the binary image header.[0m
[0;32mI (257) main_task: Started on CPU0[0m
[0;32mI (267) main_task: Calling app_main()[0m
[0;32mI (267) TASK1: Task 1 is running[0m
Task 2 is running

assert failed: prvSelectHighestPriorityTaskSMP tasks.c:3642 (xTaskScheduled == ( ( BaseType_t ) 1 ))


Backtrace: 0x40084e75:0x3ffb4220 0x40084e3d:0x3ffb4240 0x4008aec1:0x3ffb4260 0x400863f2:0x3ffb4380 0x40086c66:0x3ffb43a0 0x40085cf8:0x3ffb43c0 0x40085caa:0xa5a5a5a5 |<-CORRUPTED




ELF file SHA256: c3cef06c4

Rebooting...
ets Jul 29 2019 12:21:46

rst:0xc (SW_CPU_RESET),boot:0x13 (SPI_FAST_FLASH_BOOT)
configsip: 0, SPIWP:0xee
clk_drv:0x00,q_drv:0x00,d_drv:0x00,cs0_drv:0x00,hd_drv:0x00,wp_drv:0x00
mode:DIO, clock div:2
load:0x3fff0030,len:6380
ho 0 tail 12 room 4
load:0x40078000,len:15916
load:0x40080400,len:3860
entry 0x40080638
[0;32mI (29) boot: ESP-IDF v5.5.1 2nd stage bootloader[0m
[0;32mI (29) boot: compile time Nov  7 2025 00:02:50[0m
[0;32mI (29) boot: Multicore bootloader[0m
[0;32mI (31) boot: chip revision: v3.1[0m
[0;32mI (33) boot.esp32: SPI Speed      : 40MHz[0m
[0;32mI (37) boot.esp32: SPI Mode       : DIO[0m
[0;32mI (41) boot.esp32: SPI Flash Size : 2MB[0m
[0;32mI (44) boot: Enabling RNG early entropy source...[0m
[0;32mI (49) boot: Partition Table:[0m
[0;32mI (51) boot: ## Label            Usage          Type ST Offset   Length[0m
[0;32mI (58) boot:  0 nvs              WiFi data        01 02 00009000 00006000[0m
[0;32mI (64) boot:  1 phy_init         RF data          01 01 0000f000 00001000[0m
[0;32mI (71) boot:  2 factory          factory app      00 00 00010000 00100000[0m
[0;32mI (77) boot: End of partition table[0m
[0;32mI (80) esp_image: segment 0: paddr=00010020 vaddr=3f400020 size=075e0h ( 30176) map[0m
[0;32mI (98) esp_image: segment 1: paddr=00017608 vaddr=3ffb0000 size=021e8h (  8680) load[0m
[0;32mI (102) esp_image: segment 2: paddr=000197f8 vaddr=40080000 size=06820h ( 26656) load[0m
[0;32mI (113) esp_image: segment 3: paddr=00020020 vaddr=400d0020 size=0fc6ch ( 64620) map[0m
[0;32mI (136) esp_image: segment 4: paddr=0002fc94 vaddr=40086820 size=062e8h ( 25320) load[0m
[0;32mI (146) esp_image: segment 5: paddr=00035f84 vaddr=50000000 size=00020h (    32) load[0m
[0;32mI (152) boot: Loaded app from partition at offset 0x10000[0m
[0;32mI (152) boot: Disabling RNG early entropy source...[0m
[0;32mI (164) cpu_start: Multicore app[0m
[0;32mI (172) cpu_start: Pro cpu start user code[0m
[0;32mI (172) cpu_start: cpu freq: 160000000 Hz[0m
[0;32mI (172) app_init: Application information:[0m
[0;32mI (172) app_init: Project name:     hello_world[0m
[0;32mI (176) app_init: App version:      1[0m
[0;32mI (180) app_init: Compile time:     Nov  7 2025 20:05:14[0m
[0;32mI (185) app_init: ELF file SHA256:  c3cef06c4...[0m
[0;32mI (189) app_init: ESP-IDF:          v5.5.1[0m
[0;32mI (193) efuse_init: Min chip rev:     v0.0[0m
[0;32mI (197) efuse_init: Max chip rev:     v3.99 [0m
[0;32mI (201) efuse_init: Chip rev:         v3.1[0m
[0;32mI (205) heap_init: Initializing. RAM available for dynamic allocation:[0m
[0;32mI (211) heap_init: At 3FFAE6E0 len 00001920 (6 KiB): DRAM[0m
[0;32mI (216) heap_init: At 3FFB2A50 len 0002D5B0 (181 KiB): DRAM[0m
[0;32mI (221) heap_init: At 3FFE0440 len 00003AE0 (14 KiB): D/IRAM[0m
[0;32mI (227) heap_init: At 3FFE4350 len 0001BCB0 (111 KiB): D/IRAM[0m
[0;32mI (232) heap_init: At 4008CB08 len 000134F8 (77 KiB): IRAM[0m
[0;32mI (238) spi_flash: detected chip: generic[0m
[0;32mI (241) spi_flash: flash io: dio[0m
[0;33mW (244) spi_flash: Detected size(4096k) larger than the size in the binary image header(2048k). Using the size in the binary image header.[0m
[0;32mI (257) main_task: Started on CPU0[0m
[0;32mI (267) main_task: Calling app_main()[0m
[0;32mI (267) TASK1: Task 1 is running[0m
Task 2 is running

assert failed: prvSelectHighestPriorityTaskSMP tasks.c:3642 (xTaskScheduled == ( ( BaseType_t ) 1 ))


Backtrace: 0x40084e75:0x3ffb4220 0x40084e3d:0x3ffb4240 0x4008aec1:0x3ffb4260 0x400863f2:0x3ffb4380 0x40086c66:0x3ffb43a0 0x40085cf8:0x3ffb43c0 0x40085caa:0xa5a5a5a5 |<-CORRUPTED




ELF file SHA256: c3cef06c4

Rebooting...
ets Jul 29 2019 12:21:46

rst:0xc (SW_CPU_RESET),boot:0x13 (SPI_FAST_FLASH_BOOT)
configsip: 0, SPIWP:0xee
clk_drv:0x00,q_drv:0x00,d_drv:0x00,cs0_drv:0x00,hd_drv:0x00,wp_drv:0x00
mode:DIO, clock div:2
load:0x3fff0030,len:6380
ho 0 tail 12 room 4
load:0x40078000,len:15916
load:0x40080400,len:3860
entry 0x40080638
[0;32mI (29) boot: ESP-IDF v5.5.1 2nd stage bootloader[0m
[0;32mI (29) boot: compile time Nov  7 2025 00:02:50[0m
[0;32mI (29) boot: Multicore bootloader[0m
[0;32mI (31) boot: chip revision: v3.1[0m
[0;32mI (33) boot.esp32: SPI Speed      : 40MHz[0m
[0;32mI (37) boot.esp32: SPI Mode       : DIO[0m
[0;32mI (41) boot.esp32: SPI Flash Size : 2MB[0m
[0;32mI (44) boot: Enabling RNG early entropy source...[0m
[0;32mI (49) boot: Partition Table:[0m
[0;32mI (51) boot: ## Label            Usage          Type ST Offset   Length[0m
[0;32mI (58) boot:  0 nvs              WiFi data        01 02 00009000 00006000[0m
[0;32mI (64) boot:  1 phy_init         RF data          01 01 0000f000 00001000[0m
[0;32mI (71) boot:  2 factory          factory app      00 00 00010000 00100000[0m
[0;32mI (77) boot: End of partition table[0m
[0;32mI (80) esp_image: segment 0: paddr=00010020 vaddr=3f400020 size=075e0h ( 30176) map[0m
[0;32mI (98) esp_image: segment 1: paddr=00017608 vaddr=3ffb0000 size=021e8h (  8680) load[0m
[0;32mI (102) esp_image: segment 2: paddr=000197f8 vaddr=40080000 size=06820h ( 26656) load[0m
[0;32mI (113) esp_image: segment 3: paddr=00020020 vaddr=400d0020 size=0fc6ch ( 64620) map[0m
[0;32mI (136) esp_image: segment 4: paddr=0002fc94 vaddr=40086820 size=062e8h ( 25320) load[0m
[0;32mI (146) esp_image: segment 5: paddr=00035f84 vaddr=50000000 size=00020h (    32) load[0m
[0;32mI (152) boot: Loaded app from partition at offset 0x10000[0m
[0;32mI (152) boot: Disabling RNG early entropy source...[0m
[0;32mI (164) cpu_start: Multicore app[0m
[0;32mI (172) cpu_start: Pro cpu start user code[0m
[0;32mI (172) cpu_start: cpu freq: 160000000 Hz[0m
[0;32mI (172) app_init: Application information:[0m
[0;32mI (172) app_init: Project name:     hello_world[0m
[0;32mI (176) app_init: App version:      1[0m
[0;32mI (180) app_init: Compile time:     Nov  7 2025 20:05:14[0m
[0;32mI (185) app_init: ELF file SHA256:  c3cef06c4...[0m
[0;32mI (189) app_init: ESP-IDF:          v5.5.1[0m
[0;32mI (193) efuse_init: Min chip rev:     v0.0[0m
[0;32mI (197) efuse_init: Max chip rev:     v3.99 [0m
[0;32mI (201) efuse_init: Chip rev:         v3.1[0m
[0;32mI (205) heap_init: Initializing. RAM available for dynamic allocation:[0m
[0;32mI (211) heap_init: At 3FFAE6E0 len 00001920 (6 KiB): DRAM[0m
[0;32mI (216) heap_init: At 3FFB2A50 len 0002D5B0 (181 KiB): DRAM[0m
[0;32mI (221) heap_init: At 3FFE0440 len 00003AE0 (14 KiB): D/IRAM[0m
[0;32mI (227) heap_init: At 3FFE4350 len 0001BCB0 (111 KiB): D/IRAM[0m
[0;32mI (232) heap_init: At 4008CB08 len 000134F8 (77 KiB): IRAM[0m
[0;32mI (238) spi_flash: detected chip: generic[0m
[0;32mI (241) spi_flash: flash io: dio[0m
[0;33mW (244) spi_flash: Detected size(4096k) larger than the size in the binary image header(2048k). Using the size in the binary image header.[0m
[0;32mI (257) main_task: Started on CPU0[0m
[0;32mI (267) main_task: Calling app_main()[0m
[0;32mI (267) TASK1: Task 1 is running[0m
Task 2 is running

assert failed: prvSelectHighestPriorityTaskSMP tasks.c:3642 (xTaskScheduled == ( ( BaseType_t ) 1 ))


Backtrace: 0x40084e75:0x3ffb4220 0x40084e3d:0x3ffb4240 0x4008aec1:0x3ffb4260 0x400863f2:0x3ffb4380 0x40086c66:0x3ffb43a0 0x40085cf8:0x3ffb43c0 0x40085caa:0xa5a5a5a5 |<-CORRUPTED




ELF file SHA256: c3cef06c4

Rebooting...
ets Jul 29 2019 12:21:46

rst:0xc (SW_CPU_RESET),boot:0x13 (SPI_FAST_FLASH_BOOT)
configsip: 0, SPIWP:0xee
clk_drv:0x00,q_drv:0x00,d_drv:0x00,cs0_drv:0x00,hd_drv:0x00,wp_drv:0x00
mode:DIO, clock div:2
load:0x3fff0030,len:6380
ho 0 tail 12 room 4
load:0x40078000,len:15916
load:0x40080400,len:3860
entry 0x40080638
[0;32mI (29) boot: ESP-IDF v5.5.1 2nd stage bootloader[0m
[0;32mI (29) boot: compile time Nov  7 2025 00:02:50[0m
[0;32mI (29) boot: Multicore bootloader[0m
[0;32mI (31) boot: chip revision: v3.1[0m
[0;32mI (33) boot.esp32: SPI Speed      : 40MHz[0m
[0;32mI (37) boot.esp32: SPI Mode       : DIO[0m
[0;32mI (41) boot.esp32: SPI Flash Size : 2MB[0m
[0;32mI (44) boot: Enabling RNG early entropy source...[0m
[0;32mI (49) boot: Partition Table:[0m
[0;32mI (51) boot: ## Label            Usage          Type ST Offset   Length[0m
[0;32mI (58) boot:  0 nvs              WiFi data        01 02 00009000 00006000[0m
[0;32mI (64) boot:  1 phy_init         RF data          01 01 0000f000 00001000[0m
[0;32mI (71) boot:  2 factory          factory app      00 00 00010000 00100000[0m
[0;32mI (77) boot: End of partition table[0m
[0;32mI (80) esp_image: segment 0: paddr=00010020 vaddr=3f400020 size=075e0h ( 30176) map[0m
[0;32mI (98) esp_image: segment 1: paddr=00017608 vaddr=3ffb0000 size=021e8h (  8680) load[0m
[0;32mI (102) esp_image: segment 2: paddr=000197f8 vaddr=40080000 size=06820h ( 26656) load[0m
[0;32mI (113) esp_image: segment 3: paddr=00020020 vaddr=400d0020 size=0fc6ch ( 64620) map[0m
[0;32mI (136) esp_image: segment 4: paddr=0002fc94 vaddr=40086820 size=062e8h ( 25320) load[0m
[0;32mI (146) esp_image: segment 5: paddr=00035f84 vaddr=50000000 size=00020h (    32) load[0m
[0;32mI (152) boot: Loaded app from partition at offset 0x10000[0m
[0;32mI (152) boot: Disabling RNG early entropy source...[0m
[0;32mI (164) cpu_start: Multicore app[0m
[0;32mI (172) cpu_start: Pro cpu start user code[0m
[0;32mI (172) cpu_start: cpu freq: 160000000 Hz[0m
[0;32mI (172) app_init: Application information:[0m
[0;32mI (172) app_init: Project name:     hello_world[0m
[0;32mI (176) app_init: App version:      1[0m
[0;32mI (180) app_init: Compile time:     Nov  7 2025 20:05:14[0m
[0;32mI (185) app_init: ELF file SHA256:  c3cef06c4...[0m
[0;32mI (189) app_init: ESP-IDF:          v5.5.1[0m
[0;32mI (193) efuse_init: Min chip rev:     v0.0[0m
[0;32mI (197) efuse_init: Max chip rev:     v3.99 [0m
[0;32mI (201) efuse_init: Chip rev:         v3.1[0m
[0;32mI (205) heap_init: Initializing. RAM available for dynamic allocation:[0m
[0;32mI (211) heap_init: At 3FFAE6E0 len 00001920 (6 KiB): DRAM[0m
[0;32mI (216) heap_init: At 3FFB2A50 len 0002D5B0 (181 KiB): DRAM[0m
[0;32mI (221) heap_init: At 3FFE0440 len 00003AE0 (14 KiB): D/IRAM[0m
[0;32mI (227) heap_init: At 3FFE4350 len 0001BCB0 (111 KiB): D/IRAM[0m
[0;32mI (232) heap_init: At 4008CB08 len 000134F8 (77 KiB): IRAM[0m
[0;32mI (238) spi_flash: detected chip: generic[0m
[0;32mI (241) spi_flash: flash io: dio[0m
[0;33mW (244) spi_flash: Detected size(4096k) larger than the size in the binary image header(2048k). Using the size in the binary image header.[0m
[0;32mI (257) main_task: Started on CPU0[0m
[0;32mI (267) main_task: Calling app_main()[0m
[0;32mI (267) TASK1: Task 1 is running[0m
Task 2 is running

assert failed: prvSelectHighestPriorityTaskSMP tasks.c:3642 (xTaskScheduled == ( ( BaseType_t ) 1 ))


Backtrace: 0x40084e75:0x3ffb4220 0x40084e3d:0x3ffb4240 0x4008aec1:0x3ffb4260 0x400863f2:0x3ffb4380 0x40086c66:0x3ffb43a0 0x40085cf8:0x3ffb43c0 0x40085caa:0xa5a5a5a5 |<-CORRUPTED




ELF file SHA256: c3cef06c4

Rebooting...
ets Jul 29 2019 12:21:46

rst:0xc (SW_CPU_RESET),boot:0x13 (SPI_FAST_FLASH_BOOT)
configsip: 0, SPIWP:0xee
clk_drv:0x00,q_drv:0x00,d_drv:0x00,cs0_drv:0x00,hd_drv:0x00,wp_drv:0x00
mode:DIO, clock div:2
load:0x3fff0030,len:6380
ho 0 tail 12 room 4
load:0x40078000,len:15916
load:0x40080400,len:3860
entry 0x40080638
[0;32mI (29) boot: ESP-IDF v5.5.1 2nd stage bootloader[0m
[0;32mI (29) boot: compile time Nov  7 2025 00:02:50[0m
[0;32mI (29) boot: Multicore bootloader[0m
[0;32mI (31) boot: chip revision: v3.1[0m
[0;32mI (33) boot.esp32: SPI Speed      : 40MHz[0m
[0;32mI (37) boot.esp32: SPI Mode       : DIO[0m
[0;32mI (41) boot.esp32: SPI Flash Size : 2MB[0m
[0;32mI (44) boot: Enabling RNG early entropy source...[0m
[0;32mI (49) boot: Partition Table:[0m
[0;32mI (51) boot: ## Label            Usage          Type ST Offset   Length[0m
I (58) boot:  0 nvs              WiFi data        01 02 00009000 00006000
[0;32mI (64) boot:  1 phy_init         RF data          01 01 0000f000 00001000[0m
[0;32mI (71) boot:  2 factory          factory app      00 00 00010000 00100000[0m
[0;32mI (77) boot: End of partition table[0m
[0;32mI (80) esp_image: segment 0: paddr=00010020 vaddr=3f400020 size=075e0h ( 30176) map[0m
[0;32mI (98) esp_image: segment 1: paddr=00017608 vaddr=3ffb0000 size=021e8h (  8680) load[0m
[0;32mI (102) esp_image: segment 2: paddr=000197f8 vaddr=40080000 size=06820h ( 26656) load[0m
[0;32mI (113) esp_image: segment 3: paddr=00020020 vaddr=400d0020 size=0fc6ch ( 64620) map[0m
[0;32mI (136) esp_image: segment 4: paddr=0002fc94 vaddr=40086820 size=062e8h ( 25320) load[0m
[0;32mI (146) esp_image: segment 5: paddr=00035f84 vaddr=50000000 size=00020h (    32) load[0m
[0;32mI (152) boot: Loaded app from partition at offset 0x10000[0m
[0;32mI (152) boot: Disabling RNG early entropy source...[0m
[0;32mI (164) cpu_start: Multicore app[0m
[0;32mI (172) cpu_start: Pro cpu start user code[0m
[0;32mI (172) cpu_start: cpu freq: 160000000 Hz[0m
[0;32mI (172) app_init: Application information:[0m
[0;32mI (172) app_init: Project name:     hello_world[0m
[0;32mI (176) app_init: App version:      1[0m
[0;32mI (180) app_init: Compile time:     Nov  7 2025 20:05:14[0m
[0;32mI (185) app_init: ELF file SHA256:  c3cef06c4...[0m
[0;32mI (189) app_init: ESP-IDF:          v5.5.1[0m
[0;32mI (193) efuse_init: Min chip rev:     v0.0[0m
[0;32mI (197) efuse_init: Max chip rev:     v3.99 [0m
[0;32mI (201) efuse_init: Chip rev:         v3.1[0m
[0;32mI (205) heap_init: Initializing. RAM available for dynamic allocation:[0m
[0;32mI (211) heap_init: At 3FFAE6E0 len 00001920 (6 KiB): DRAM[0m
[0;32mI (216) heap_init: At 3FFB2A50 len 0002D5B0 (181 KiB): DRAM[0m
[0;32mI (221) heap_init: At 3FFE0440 len 00003AE0 (14 KiB): D/IRAM[0m
[0;32mI (227) heap_init: At 3FFE4350 len 0001BCB0 (111 KiB): D/IRAM[0m
[0;32mI (232) heap_init: At 4008CB08 len 000134F8 (77 KiB): IRAM[0m
[0;32mI (238) spi_flash: detected chip: generic[0m
[0;32mI (241) spi_flash: flash io: dio[0m
[0;33mW (244) spi_flash: Detected size(4096k) larger than the size in the binary image header(2048k). Using the size in the binary image header.[0m
[0;32mI (257) main_task: Started on CPU0[0m
[0;32mI (267) main_task: Calling app_main()[0m
[0;32mI (267) TASK1: Task 1 is running[0m
Task 2 is running

assert failed: prvSelectHighestPriorityTaskSMP tasks.c:3642 (xTaskScheduled == ( ( BaseType_t ) 1 ))


Backtrace: 0x40084e75:0x3ffb4220 0x40084e3d:0x3ffb4240 0x4008aec1:0x3ffb4260 0x400863f2:0x3ffb4380 0x40086c66:0x3ffb43a0 0x40085cf8:0x3ffb43c0 0x40085caa:0xa5a5a5a5 |<-CORRUPTED




ELF file SHA256: c3cef06c4

Rebooting...
ets Jul 29 2019 12:21:46

rst:0xc (SW_CPU_RESET),boot:0x13 (SPI_FAST_FLASH_BOOT)
configsip: 0, SPIWP:0xee
clk_drv:0x00,q_drv:0x00,d_drv:0x00,cs0_drv:0x00,hd_drv:0x00,wp_drv:0x00
mode:DIO, clock div:2
load:0x3fff0030,len:6380
ho 0 tail 12 room 4
load:0x40078000,len:15916
load:0x40080400,len:3860
entry 0x40080638
[0;32mI (29) boot: ESP-IDF v5.5.1 2nd stage bootloader[0m
[0;32mI (29) boot: compile time Nov  7 2025 00:02:50[0m
[0;32mI (29) boot: Multicore bootloader[0m
[0;32mI (31) boot: chip revision: v3.1[0m
[0;32mI (33) boot.esp32: SPI Speed      : 40MHz[0m
[0;32mI (37) boot.esp32: SPI Mode       : DIO[0m
[0;32mI (41) boot.esp32: SPI Flash Size : 2MB[0m
[0;32mI (44) boot: Enabling RNG early entropy source...[0m
[0;32mI (49) boot: Partition Table:[0m
[0;32mI (51) boot: ## Label            Usage          Type ST Offset   Length[0m
[0;32mI (58) boot:  0 nvs              WiFi data        01 02 00009000 00006000[0m
[0;32mI (64) boot:  1 phy_init         RF data          01 01 0000f000 00001000[0m
[0;32mI (71) boot:  2 factory          factory app      00 00 00010000 00100000[0m
[0;32mI (77) boot: End of partition table[0m
[0;32mI (80) esp_image: segment 0: paddr=00010020 vaddr=3f400020 size=075e0h ( 30176) map[0m
[0;32mI (98) esp_image: segment 1: paddr=00017608 vaddr=3ffb0000 size=021e8h (  8680) load[0m
[0;32mI (102) esp_image: segment 2: paddr=000197f8 vaddr=40080000 size=06820h ( 26656) load[0m
[0;32mI (113) esp_image: segment 3: paddr=00020020 vaddr=400d0020 size=0fc6ch ( 64620) map[0m
[0;32mI (136) esp_image: segment 4: paddr=0002fc94 vaddr=40086820 size=062e8h ( 25320) load[0m
[0;32mI (146) esp_image: segment 5: paddr=00035f84 vaddr=50000000 size=00020h (    32) load[0m
[0;32mI (152) boot: Loaded app from partition at offset 0x10000[0m
[0;32mI (152) boot: Disabling RNG early entropy source...[0m
[0;32mI (164) cpu_start: Multicore app[0m
[0;32mI (172) cpu_start: Pro cpu start user code[0m
[0;32mI (172) cpu_start: cpu freq: 160000000 Hz[0m
[0;32mI (172) app_init: Application information:[0m
[0;32mI (172) app_init: Project name:     hello_world[0m
[0;32mI (176) app_init: App version:      1[0m
[0;32mI (180) app_init: Compile time:     Nov  7 2025 20:05:14[0m
[0;32mI (185) app_init: ELF file SHA256:  c3cef06c4...[0m
[0;32mI (189) app_init: ESP-IDF:          v5.5.1[0m
[0;32mI (193) efuse_init: Min chip rev:     v0.0[0m
[0;32mI (197) efuse_init: Max chip rev:     v3.99 [0m
[0;32mI (201) efuse_init: Chip rev:         v3.1[0m
[0;32mI (205) heap_init: Initializing. RAM available for dynamic allocation:[0m
[0;32mI (211) heap_init: At 3FFAE6E0 len 00001920 (6 KiB): DRAM[0m
[0;32mI (216) heap_init: At 3FFB2A50 len 0002D5B0 (181 KiB): DRAM[0m
[0;32mI (221) heap_init: At 3FFE0440 len 00003AE0 (14 KiB): D/IRAM[0m
[0;32mI (227) heap_init: At 3FFE4350 len 0001BCB0 (111 KiB): D/IRAM[0m
[0;32mI (232) heap_init: At 4008CB08 len 000134F8 (77 KiB): IRAM[0m
[0;32mI (238) spi_flash: detected chip: generic[0m
[0;32mI (241) spi_flash: flash io: dio[0m
[0;33mW (244) spi_flash: Detected size(4096k) larger than the size in the binary image header(2048k). Using the size in the binary image header.[0m
[0;32mI (257) main_task: Started on CPU0[0m
[0;32mI (267) main_task: Calling app_main()[0m
[0;32mI (267) TASK1: Task 1 is running[0m
Task 2 is running

assert failed: prvSelectHighestPriorityTaskSMP tasks.c:3642 (xTaskScheduled == ( ( BaseType_t ) 1 ))


Backtrace: 0x40084e75:0x3ffb4220 0x40084e3d:0x3ffb4240 0x4008aec1:0x3ffb4260 0x400863f2:0x3ffb4380 0x40086c66:0x3ffb43a0 0x40085cf8:0x3ffb43c0 0x40085caa:0xa5a5a5a5 |<-CORRUPTED




ELF file SHA256: c3cef06c4

Rebooting...
ets Jul 29 2019 12:21:46

rst:0xc (SW_CPU_RESET),boot:0x13 (SPI_FAST_FLASH_BOOT)
configsip: 0, SPIWP:0xee
clk_drv:0x00,q_drv:0x00,d_drv:0x00,cs0_drv:0x00,hd_drv:0x00,wp_drv:0x00
mode:DIO, clock div:2
load:0x3fff0030,len:6380
ho 0 tail 12 room 4
load:0x40078000,len:15916
load:0x40080400,len:3860
entry 0x40080638
[0;32mI (29) boot: ESP-IDF v5.5.1 2nd stage bootloader[0m
[0;32mI (29) boot: compile time Nov  7 2025 00:02:50[0m
[0;32mI (29) boot: Multicore bootloader[0m
[0;32mI (31) boot: chip revision: v3.1[0m
[0;32mI (33) boot.esp32: SPI Speed      : 40MHz[0m
[0;32mI (37) boot.esp32: SPI Mode       : DIO[0m
[0;32mI (41) boot.esp32: SPI Flash Size : 2MB[0m
[0;32mI (44) boot: Enabling RNG early entropy source...[0m
[0;32mI (49) boot: Partition Table:[0m
[0;32mI (51) boot: ## Label            Usage          Type ST Offset   Length[0m
[0;32mI (58) boot:  0 nvs              WiFi data        01 02 00009000 00006000[0m
[0;32mI (64) boot:  1 phy_init         RF data          01 01 0000f000 00001000[0m
[0;32mI (71) boot:  2 factory          factory app      00 00 00010000 00100000[0m
[0;32mI (77) boot: End of partition table[0m
[0;32mI (80) esp_image: segment 0: paddr=00010020 vaddr=3f400020 size=075e0h ( 30176) map[0m
[0;32mI (98) esp_image: segment 1: paddr=00017608 vaddr=3ffb0000 size=021e8h (  8680) load[0m
[0;32mI (102) esp_image: segment 2: paddr=000197f8 vaddr=40080000 size=06820h ( 26656) load[0m
[0;32mI (113) esp_image: segment 3: paddr=00020020 vaddr=400d0020 size=0fc6ch ( 64620) map[0m
[0;32mI (136) esp_image: segment 4: paddr=0002fc94 vaddr=40086820 size=062e8h ( 25320) load[0m
[0;32mI (146) esp_image: segment 5: paddr=00035f84 vaddr=50000000 size=00020h (    32) load[0m
[0;32mI (152) boot: Loaded app from partition at offset 0x10000[0m
[0;32mI (152) boot: Disabling RNG early entropy source...[0m
[0;32mI (164) cpu_start: Multicore app[0m
[0;32mI (172) cpu_start: Pro cpu start user code[0m
[0;32mI (172) cpu_start: cpu freq: 160000000 Hz[0m
[0;32mI (172) app_init: Application information:[0m
[0;32mI (172) app_init: Project name:     hello_world[0m
[0;32mI (176) app_init: App version:      1[0m
[0;32mI (180) app_init: Compile time:     Nov  7 2025 20:05:14[0m
[0;32mI (185) app_init: ELF file SHA256:  c3cef06c4...[0m
[0;32mI (189) app_init: ESP-IDF:          v5.5.1[0m
[0;32mI (193) efuse_init: Min chip rev:     v0.0[0m
[0;32mI (197) efuse_init: Max chip rev:     v3.99 [0m
[0;32mI (201) efuse_init: Chip rev:         v3.1[0m
[0;32mI (205) heap_init: Initializing. RAM available for dynamic allocation:[0m
[0;32mI (211) heap_init: At 3FFAE6E0 len 00001920 (6 KiB): DRAM[0m
[0;32mI (216) heap_init: At 3FFB2A50 len 0002D5B0 (181 KiB): DRAM[0m
[0;32mI (221) heap_init: At 3FFE0440 len 00003AE0 (14 KiB): D/IRAM[0m
[0;32mI (227) heap_init: At 3FFE4350 len 0001BCB0 (111 KiB): D/IRAM[0m
[0;32mI (232) heap_init: At 4008CB08 len 000134F8 (77 KiB): IRAM[0m
[0;32mI (238) spi_flash: detected chip: generic[0m
[0;32mI (241) spi_flash: flash io: dio[0m
[0;33mW (244) spi_flash: Detected size(4096k) larger than the size in the binary image header(2048k). Using the size in the binary image header.[0m
[0;32mI (257) main_task: Started on CPU0[0m
[0;32mI (267) main_task: Calling app_main()[0m
[0;32mI (267) TASK1: Task 1 is running[0m
Task 2 is running

assert failed: prvSelectHighestPriorityTaskSMP tasks.c:3642 (xTaskScheduled == ( ( BaseType_t ) 1 ))


Backtrace: 0x40084e75:0x3ffb4220 0x40084e3d:0x3ffb4240 0x4008aec1:0x3ffb4260 0x400863f2:0x3ffb4380 0x40086c66:0x3ffb43a0 0x40085cf8:0x3ffb43c0 0x40085caa:0xa5a5a5a5 |<-CORRUPTED




ELF file SHA256: c3cef06c4

Rebooting...
ets Jul 29 2019 12:21:46

rst:0xc (SW_CPU_RESET),boot:0x13 (SPI_FAST_FLASH_BOOT)
configsip: 0, SPIWP:0xee
clk_drv:0x00,q_drv:0x00,d_drv:0x00,cs0_drv:0x00,hd_drv:0x00,wp_drv:0x00
mode:DIO, clock div:2
load:0x3fff0030,len:6380
ho 0 tail 12 room 4
load:0x40078000,len:15916
load:0x40080400,len:3860
[0;32mI (29) boot: ESP-IDF v5.5.1 2nd stage bootloader[0m
[0;32mI (29) boot: compile time Nov  7 2025 00:02:50[0m
[0;32mI (29) boot: Multicore bootloader[0m
[0;32mI (31) boot: chip revision: v3.1[0m
[0;32mI (33) boot.esp32: SPI Speed      : 40MHz[0m
[0;32mI (37) boot.esp32: SPI Mode       : DIO[0m
[0;32mI (41) boot.esp32: SPI Flash Size : 2MB[0m
[0;32mI (44) boot: Enabling RNG early entropy source...[0m
[0;32mI (49) boot: Partition Table:[0m
[0;32mI (51) boot: ## Label            Usage          Type ST Offset   Length[0m
[0;32mI (58) boot:  0 nvs              WiFi data        01 02 00009000 00006000[0m
[0;32mI (64) boot:  1 phy_init         RF data          01 01 0000f000 00001000[0m
[0;32mI (71) boot:  2 factory          factory app      00 00 00010000 00100000[0m
[0;32mI (77) boot: End of partition table[0m
[0;32mI (80) esp_image: segment 0: paddr=00010020 vaddr=3f400020 size=075e0h ( 30176) map[0m
[0;32mI (98) esp_image: segment 1: paddr=00017608 vaddr=3ffb0000 size=021e8h (  8680) load[0m
[0;32mI (102) esp_image: segment 2: paddr=000197f8 vaddr=40080000 size=06820h ( 26656) load[0m
[0;32mI (113) esp_image: segment 3: paddr=00020020 vaddr=400d0020 size=0fc6ch ( 64620) map[0m
[0;32mI (136) esp_image: segment 4: paddr=0002fc94 vaddr=40086820 size=062e8h ( 25320) load[0m
[0;32mI (146) esp_image: segment 5: paddr=00035f84 vaddr=50000000 size=00020h (    32) load[0m
[0;32mI (152) boot: Loaded app from partition at offset 0x10000[0m
[0;32mI (152) boot: Disabling RNG early entropy source...[0m
[0;32mI (164) cpu_start: Multicore app[0m
[0;32mI (172) cpu_start: Pro cpu start user code[0m
[0;32mI (172) cpu_start: cpu freq: 160000000 Hz[0m
[0;32mI (172) app_init: Application information:[0m
[0;32mI (172) app_init: Project name:     hello_world[0m
[0;32mI (176) app_init: App version:      1[0m
[0;32mI (180) app_init: Compile time:     Nov  7 2025 20:05:14[0m
[0;32mI (185) app_init: ELF file SHA256:  c3cef06c4...[0m
[0;32mI (189) app_init: ESP-IDF:          v5.5.1[0m
[0;32mI (193) efuse_init: Min chip rev:     v0.0[0m
[0;32mI (197) efuse_init: Max chip rev:     v3.99 [0m
[0;32mI (201) efuse_init: Chip rev:         v3.1[0m
[0;32mI (205) heap_init: Initializing. RAM available for dynamic allocation:[0m
[0;32mI (211) heap_init: At 3FFAE6E0 len 00001920 (6 KiB): DRAM[0m
[0;32mI (216) heap_init: At 3FFB2A50 len 0002D5B0 (181 KiB): DRAM[0m
[0;32mI (221) heap_init: At 3FFE0440 len 00003AE0 (14 KiB): D/IRAM[0m
[0;32mI (227) heap_init: At 3FFE4350 len 0001BCB0 (111 KiB): D/IRAM[0m
[0;32mI (232) heap_init: At 4008CB08 len 000134F8 (77 KiB): IRAM[0m
[0;32mI (238) spi_flash: detected chip: generic[0m
[0;32mI (241) spi_flash: flash io: dio[0m
[0;33mW (244) spi_flash: Detected size(4096k) larger than the size in the binary image header(2048k). Using the size in the binary image header.[0m
[0;32mI (257) main_task: Started on CPU0[0m
[0;32mI (267) main_task: Calling app_main()[0m
[0;32mI (267) TASK1: Task 1 is running[0m
Task 2 is running

assert failed: prvSelectHighestPriorityTaskSMP tasks.c:3642 (xTaskScheduled == ( ( BaseType_t ) 1 ))


Backtrace: 0x40084e75:0x3ffb4220 0x40084e3d:0x3ffb4240 0x4008aec1:0x3ffb4260 0x400863f2:0x3ffb4380 0x40086c66:0x3ffb43a0 0x40085cf8:0x3ffb43c0 0x40085caa:0xa5a5a5a5 |<-CORRUPTED
ELF file SHA256: c3cef06c4

Rebooting...
ets Jul 29 2019 12:21:46

rst:0xc (SW_CPU_RESET),boot:0x13 (SPI_FAST_FLASH_BOOT)
configsip: 0, SPIWP:0xee
clk_drv:0x00,q_drv:0x00,d_drv:0x00,cs0_drv:0x00,hd_drv:0x00,wp_drv:0x00
mode:DIO, clock div:2
load:0x3fff0030,len:6380
ho 0 tail 12 room 4
load:0x40078000,len:15916
load:0x40080400,len:3860
entry 0x40080638
[0;32mI (29) boot: ESP-IDF v5.5.1 2nd stage bootloader[0m
[0;32mI (29) boot: compile time Nov  7 2025 00:02:50[0m
[0;32mI (29) boot: Multicore bootloader[0m
[0;32mI (31) boot: chip revision: v3.1[0m
[0;32mI (33) boot.esp32: SPI Speed      : 40MHz[0m
[0;32mI (37) boot.esp32: SPI Mode       : DIO[0m
[0;32mI (41) boot.esp32: SPI Flash Size : 2MB[0m
[0;32mI (44) boot: Enabling RNG early entropy source...[0m
[0;32mI (49) boot: Partition Table:[0m
[0;32mI (51) boot: ## Label            Usage          Type ST Offset   Length[0m
[0;32mI (58) boot:  0 nvs              WiFi data        01 02 00009000 00006000[0m
[0;32mI (64) boot:  1 phy_init         RF data          01 01 0000f000 00001000[0m
[0;32mI (71) boot:  2 factory          factory app      00 00 00010000 00100000[0m
[0;32mI (77) boot: End of partition table[0m
[0;32mI (80) esp_image: segment 0: paddr=00010020 vaddr=3f400020 size=075e0h ( 30176) map[0m
[0;32mI (98) esp_image: segment 1: paddr=00017608 vaddr=3ffb0000 size=021e8h (  8680) load[0m
[0;32mI (102) esp_image: segment 2: paddr=000197f8 vaddr=40080000 size=06820h ( 26656) load[0m
[0;32mI (113) esp_image: segment 3: paddr=00020020 vaddr=400d0020 size=0fc6ch ( 64620) map[0m
[0;32mI (136) esp_image: segment 4: paddr=0002fc94 vaddr=40086820 size=062e8h ( 25320) load[0m
[0;32mI (146) esp_image: segment 5: paddr=00035f84 vaddr=50000000 size=00020h (    32) load[0m
[0;32mI (152) boot: Loaded app from partition at offset 0x10000[0m
[0;32mI (152) boot: Disabling RNG early entropy source...[0m
[0;32mI (164) cpu_start: Multicore app[0m
[0;32mI (172) cpu_start: Pro cpu start user code[0m
[0;32mI (172) cpu_start: cpu freq: 160000000 Hz[0m
[0;32mI (172) app_init: Application information:[0m
[0;32mI (172) app_init: Project name:     hello_world[0m
[0;32mI (176) app_init: App version:      1[0m
[0;32mI (180) app_init: Compile time:     Nov  7 2025 20:05:14[0m
[0;32mI (185) app_init: ELF file SHA256:  c3cef06c4...[0m
[0;32mI (189) app_init: ESP-IDF:          v5.5.1[0m
[0;32mI (193) efuse_init: Min chip rev:     v0.0[0m
[0;32mI (197) efuse_init: Max chip rev:     v3.99 [0m
[0;32mI (201) efuse_init: Chip rev:         v3.1[0m
[0;32mI (205) heap_init: Initializing. RAM available for dynamic allocation:[0m
[0;32mI (211) heap_init: At 3FFAE6E0 len 00001920 (6 KiB): DRAM[0m
[0;32mI (216) heap_init: At 3FFB2A50 len 0002D5B0 (181 KiB): DRAM[0m
[0;32mI (221) heap_init: At 3FFE0440 len 00003AE0 (14 KiB): D/IRAM[0m
[0;32mI (227) heap_init: At 3FFE4350 len 0001BCB0 (111 KiB): D/IRAM[0m
[0;32mI (232) heap_init: At 4008CB08 len 000134F8 (77 KiB): IRAM[0m
[0;32mI (238) spi_flash: detected chip: generic[0m
[0;32mI (241) spi_flash: flash io: dio[0m
[0;33mW (244) spi_flash: Detected size(4096k) larger than the size in the binary image header(2048k). Using the size in the binary image header.[0m
[0;32mI (257) main_task: Started on CPU0[0m
[0;32mI (267) main_task: Calling app_main()[0m
[0;32mI (267) TASK1: Task 1 is running[0m
Task 2 is running

assert failed: prvSelectHighestPriorityTaskSMP tasks.c:3642 (xTaskScheduled == ( ( BaseType_t ) 1 ))


Backtrace: 0x40084e75:0x3ffb4220 0x40084e3d:0x3ffb4240 0x4008aec1:0x3ffb4260 0x400863f2:0x3ffb4380 0x40086c66:0x3ffb43a0 0x40085cf8:0x3ffb43c0 0x40085caa:0xa5a5a5a5 |<-CORRUPTED
ELF file SHA256: c3cef06c4

Rebooting...
ets Jul 29 2019 12:21:46

rst:0xc (SW_CPU_RESET),boot:0x13 (SPI_FAST_FLASH_BOOT)
configsip: 0, SPIWP:0xee
clk_drv:0x00,q_drv:0x00,d_drv:0x00,cs0_drv:0x00,hd_drv:0x00,wp_drv:0x00
mode:DIO, clock div:2
load:0x3fff0030,len:6380
ho 0 tail 12 room 4
load:0x40078000,len:15916
load:0x40080400,len:3860
[0;32mI (29) boot: ESP-IDF v5.5.1 2nd stage bootloader[0m
[0;32mI (29) boot: compile time Nov  7 2025 00:02:50[0m
[0;32mI (29) boot: Multicore bootloader[0m
[0;32mI (31) boot: chip revision: v3.1[0m
[0;32mI (33) boot.esp32: SPI Speed      : 40MHz[0m
[0;32mI (37) boot.esp32: SPI Mode       : DIO[0m
[0;32mI (41) boot.esp32: SPI Flash Size : 2MB[0m
[0;32mI (44) boot: Enabling RNG early entropy source...[0m
[0;32mI (49) boot: Partition Table:[0m
[0;32mI (51) boot: ## Label            Usage          Type ST Offset   Length[0m
[0;32mI (58) boot:  0 nvs              WiFi data        01 02 00009000 00006000[0m
[0;32mI (64) boot:  1 phy_init         RF data          01 01 0000f000 00001000[0m
[0;32mI (71) boot:  2 factory          factory app      00 00 00010000 00100000[0m
[0;32mI (77) boot: End of partition table[0m
[0;32mI (80) esp_image: segment 0: paddr=00010020 vaddr=3f400020 size=075e0h ( 30176) map[0m
[0;32mI (98) esp_image: segment 1: paddr=00017608 vaddr=3ffb0000 size=021e8h (  8680) load[0m
[0;32mI (102) esp_image: segment 2: paddr=000197f8 vaddr=40080000 size=06820h ( 26656) load[0m
[0;32mI (113) esp_image: segment 3: paddr=00020020 vaddr=400d0020 size=0fc6ch ( 64620) map[0m
[0;32mI (136) esp_image: segment 4: paddr=0002fc94 vaddr=40086820 size=062e8h ( 25320) load[0m
[0;32mI (146) esp_image: segment 5: paddr=00035f84 vaddr=50000000 size=00020h (    32) load[0m
[0;32mI (152) boot: Loaded app from partition at offset 0x10000[0m
[0;32mI (152) boot: Disabling RNG early entropy source...[0m
[0;32mI (164) cpu_start: Multicore app[0m
[0;32mI (172) cpu_start: Pro cpu start user code[0m
[0;32mI (172) cpu_start: cpu freq: 160000000 Hz[0m
[0;32mI (172) app_init: Application information:[0m
[0;32mI (172) app_init: Project name:     hello_world[0m
[0;32mI (176) app_init: App version:      1[0m
[0;32mI (180) app_init: Compile time:     Nov  7 2025 20:05:14[0m
[0;32mI (185) app_init: ELF file SHA256:  c3cef06c4...[0m
[0;32mI (189) app_init: ESP-IDF:          v5.5.1[0m
[0;32mI (193) efuse_init: Min chip rev:     v0.0[0m
[0;32mI (197) efuse_init: Max chip rev:     v3.99 [0m
[0;32mI (201) efuse_init: Chip rev:         v3.1[0m
[0;32mI (205) heap_init: Initializing. RAM available for dynamic allocation:[0m
[0;32mI (211) heap_init: At 3FFAE6E0 len 00001920 (6 KiB): DRAM[0m
[0;32mI (216) heap_init: At 3FFB2A50 len 0002D5B0 (181 KiB): DRAM[0m
[0;32mI (221) heap_init: At 3FFE0440 len 00003AE0 (14 KiB): D/IRAM[0m
[0;32mI (227) heap_init: At 3FFE4350 len 0001BCB0 (111 KiB): D/IRAM[0m
[0;32mI (232) heap_init: At 4008CB08 len 000134F8 (77 KiB): IRAM[0m
[0;32mI (238) spi_flash: detected chip: generic[0m
[0;32mI (241) spi_flash: flash io: dio[0m
[0;33mW (244) spi_flash: Detected size(4096k) larger than the size in the binary image header(2048k). Using the size in the binary image header.[0m
[0;32mI (257) main_task: Started on CPU0[0m
[0;32mI (267) main_task: Calling app_main()[0m
[0;32mI (267) TASK1: Task 1 is running[0m
Task 2 is running

assert failed: prvSelectHighestPriorityTaskSMP tasks.c:3642 (xTaskScheduled == ( ( BaseType_t ) 1 ))


Backtrace: 0x40084e75:0x3ffb4220 0x40084e3d:0x3ffb4240 0x4008aec1:0x3ffb4260 0x400863f2:0x3ffb4380 0x40086c66:0x3ffb43a0 0x40085cf8:0x3ffb43c0 0x40085caa:0xa5a5a5a5 |<-CORRUPTED




ELF file SHA256: c3cef06c4
rst:0xc (SW_CPU_RESET),boot:0x13 (SPI_FAST_FLASH_BOOT)
configsip: 0, SPIWP:0xee
clk_drv:0x00,q_drv:0x00,d_drv:0x00,cs0_drv:0x00,hd_drv:0x00,wp_drv:0x00
mode:DIO, clock div:2
load:0x3fff0030,len:6380
ho 0 tail 12 room 4
load:0x40078000,len:15916
load:0x40080400,len:3860
entry 0x40080638
[0;32mI (29) boot: ESP-IDF v5.5.1 2nd stage bootloader[0m
[0;32mI (29) boot: compile time Nov  7 2025 00:02:50[0m
[0;32mI (29) boot: Multicore bootloader[0m
[0;32mI (31) boot: chip revision: v3.1[0m
[0;32mI (33) boot.esp32: SPI Speed      : 40MHz[0m
[0;32mI (37) boot.esp32: SPI Mode       : DIO[0m
[0;32mI (41) boot.esp32: SPI Flash Size : 2MB[0m
[0;32mI (44) boot: Enabling RNG early entropy source...[0m
[0;32mI (49) boot: Partition Table:[0m
[0;32mI (51) boot: ## Label            Usage          Type ST Offset   Length[0m
[0;32mI (58) boot:  0 nvs              WiFi data        01 02 00009000 00006000[0m
[0;32mI (64) boot:  1 phy_init         RF data          01 01 0000f000 00001000[0m
[0;32mI (71) boot:  2 factory          factory app      00 00 00010000 00100000[0m
[0;32mI (77) boot: End of partition table[0m
[0;32mI (80) esp_image: segment 0: paddr=00010020 vaddr=3f400020 size=075e0h ( 30176) map[0m
[0;32mI (98) esp_image: segment 1: paddr=00017608 vaddr=3ffb0000 size=021e8h (  8680) load[0m
[0;32mI (102) esp_image: segment 2: paddr=000197f8 vaddr=40080000 size=06820h ( 26656) load[0m
[0;32mI (113) esp_image: segment 3: paddr=00020020 vaddr=400d0020 size=0fc6ch ( 64620) map[0m
[0;32mI (136) esp_image: segment 4: paddr=0002fc94 vaddr=40086820 size=062e8h ( 25320) load[0m
[0;32mI (146) esp_image: segment 5: paddr=00035f84 vaddr=50000000 size=00020h (    32) load[0m
[0;32mI (152) boot: Loaded app from partition at offset 0x10000[0m
[0;32mI (152) boot: Disabling RNG early entropy source...[0m
[0;32mI (164) cpu_start: Multicore app[0m
[0;32mI (172) cpu_start: Pro cpu start user code[0m
[0;32mI (172) cpu_start: cpu freq: 160000000 Hz[0m
[0;32mI (172) app_init: Application information:[0m
[0;32mI (172) app_init: Project name:     hello_world[0m
[0;32mI (176) app_init: App version:      1[0m
[0;32mI (180) app_init: Compile time:     Nov  7 2025 20:05:14[0m
[0;32mI (185) app_init: ELF file SHA256:  c3cef06c4...[0m
[0;32mI (189) app_init: ESP-IDF:          v5.5.1[0m
[0;32mI (193) efuse_init: Min chip rev:     v0.0[0m
[0;32mI (197) efuse_init: Max chip rev:     v3.99 [0m
[0;32mI (201) efuse_init: Chip rev:         v3.1[0m
[0;32mI (205) heap_init: Initializing. RAM available for dynamic allocation:[0m
[0;32mI (211) heap_init: At 3FFAE6E0 len 00001920 (6 KiB): DRAM[0m
[0;32mI (216) heap_init: At 3FFB2A50 len 0002D5B0 (181 KiB): DRAM[0m
[0;32mI (221) heap_init: At 3FFE0440 len 00003AE0 (14 KiB): D/IRAM[0m
[0;32mI (227) heap_init: At 3FFE4350 len 0001BCB0 (111 KiB): D/IRAM[0m
[0;32mI (232) heap_init: At 4008CB08 len 000134F8 (77 KiB): IRAM[0m
[0;32mI (238) spi_flash: detected chip: generic[0m
[0;32mI (241) spi_flash: flash io: dio[0m
[0;33mW (244) spi_flash: Detected size(4096k) larger than the size in the binary image header(2048k). Using the size in the binary image header.[0m
[0;32mI (257) main_task: Started on CPU0[0m
[0;32mI (267) main_task: Calling app_main()[0m
[0;32mI (267) TASK1: Task 1 is running[0m
Task 2 is running

assert failed: prvSelectHighestPriorityTaskSMP tasks.c:3642 (xTaskScheduled == ( ( BaseType_t ) 1 ))


Backtrace: 0x40084e75:0x3ffb4220 0x40084e3d:0x3ffb4240 0x4008aec1:0x3ffb4260 0x400863f2:0x3ffb4380 0x40086c66:0x3ffb43a0 0x40085cf8:0x3ffb43c0 0x40085caa:0xa5a5a5a5 |<-CORRUPTED




ELF file SHA256: c3cef06c4

Rebooting...
ets Jul 29 2019 12:21:46

rst:0xc (SW_CPU_RESET),boot:0x13 (SPI_FAST_FLASH_BOOT)
configsip: 0, SPIWP:0xee
clk_drv:0x00,q_drv:0x00,d_drv:0x00,cs0_drv:0x00,hd_drv:0x00,wp_drv:0x00
mode:DIO, clock div:2
load:0x3fff0030,len:6380
ho 0 tail 12 room 4
load:0x40078000,len:15916
load:0x40080400,len:3860
entry 0x40080638
[0;32mI (29) boot: ESP-IDF v5.5.1 2nd stage bootloader[0m
[0;32mI (29) boot: compile time Nov  7 2025 00:02:50[0m
[0;32mI (29) boot: Multicore bootloader[0m
[0;32mI (31) boot: chip revision: v3.1[0m
[0;32mI (33) boot.esp32: SPI Speed      : 40MHz[0m
[0;32mI (37) boot.esp32: SPI Mode       : DIO[0m
[0;32mI (41) boot.esp32: SPI Flash Size : 2MB[0m
[0;32mI (44) boot: Enabling RNG early entropy source...[0m
[0;32mI (49) boot: Partition Table:[0m
[0;32mI (51) boot: ## Label            Usage          Type ST Offset   Length[0m
[0;32mI (58) boot:  0 nvs              WiFi data        01 02 00009000 00006000[0m
[0;32mI (64) boot:  1 phy_init         RF data          01 01 0000f000 00001000[0m
[0;32mI (71) boot:  2 factory          factory app      00 00 00010000 00100000[0m
[0;32mI (77) boot: End of partition table[0m
[0;32mI (80) esp_image: segment 0: paddr=00010020 vaddr=3f400020 size=075e0h ( 30176) map[0m
[0;32mI (98) esp_image: segment 1: paddr=00017608 vaddr=3ffb0000 size=021e8h (  8680) load[0m
[0;32mI (102) esp_image: segment 2: paddr=000197f8 vaddr=40080000 size=06820h ( 26656) load[0m
[0;32mI (113) esp_image: segment 3: paddr=00020020 vaddr=400d0020 size=0fc6ch ( 64620) map[0m
[0;32mI (136) esp_image: segment 4: paddr=0002fc94 vaddr=40086820 size=062e8h ( 25320) load[0m
[0;32mI (146) esp_image: segment 5: paddr=00035f84 vaddr=50000000 size=00020h (    32) load[0m
[0;32mI (152) boot: Loaded app from partition at offset 0x10000[0m
[0;32mI (152) boot: Disabling RNG early entropy source...[0m
[0;32mI (164) cpu_start: Multicore app[0m
[0;32mI (172) cpu_start: Pro cpu start user code[0m
[0;32mI (172) cpu_start: cpu freq: 160000000 Hz[0m
[0;32mI (172) app_init: Application information:[0m
[0;32mI (172) app_init: Project name:     hello_world[0m
[0;32mI (176) app_init: App version:      1[0m
[0;32mI (180) app_init: Compile time:     Nov  7 2025 20:05:14[0m
[0;32mI (185) app_init: ELF file SHA256:  c3cef06c4...[0m
[0;32mI (189) app_init: ESP-IDF:          v5.5.1[0m
[0;32mI (193) efuse_init: Min chip rev:     v0.0[0m
[0;32mI (197) efuse_init: Max chip rev:     v3.99 [0m
[0;32mI (201) efuse_init: Chip rev:         v3.1[0m
[0;32mI (205) heap_init: Initializing. RAM available for dynamic allocation:[0m
[0;32mI (211) heap_init: At 3FFAE6E0 len 00001920 (6 KiB): DRAM[0m
[0;32mI (216) heap_init: At 3FFB2A50 len 0002D5B0 (181 KiB): DRAM[0m
[0;32mI (221) heap_init: At 3FFE0440 len 00003AE0 (14 KiB): D/IRAM[0m
[0;32mI (227) heap_init: At 3FFE4350 len 0001BCB0 (111 KiB): D/IRAM[0m
[0;32mI (232) heap_init: At 4008CB08 len 000134F8 (77 KiB): IRAM[0m
[0;32mI (238) spi_flash: detected chip: generic[0m
[0;32mI (241) spi_flash: flash io: dio[0m
[0;33mW (244) spi_flash: Detected size(4096k) larger than the size in the binary image header(2048k). Using the size in the binary image header.[0m
[0;32mI (257) main_task: Started on CPU0[0m
[0;32mI (267) main_task: Calling app_main()[0m
[0;32mI (267) TASK1: Task 1 is running[0m
Task 2 is running

assert failed: prvSelectHighestPriorityTaskSMP tasks.c:3642 (xTaskScheduled == ( ( BaseType_t ) 1 ))


Backtrace: 0x40084e75:0x3ffb4220 0x40084e3d:0x3ffb4240 0x4008aec1:0x3ffb4260 0x400863f2:0x3ffb4380 0x40086c66:0x3ffb43a0 0x40085cf8:0x3ffb43c0 0x40085caa:0xa5a5a5a5 |<-CORRUPTED




ELF file SHA256: c3cef06c4

Rebooting...
ets Jul 29 2019 12:21:46

rst:0xc (SW_CPU_RESET),boot:0x13 (SPI_FAST_FLASH_BOOT)
configsip: 0, SPIWP:0xee
clk_drv:0x00,q_drv:0x00,d_drv:0x00,cs0_drv:0x00,hd_drv:0x00,wp_drv:0x00
mode:DIO, clock div:2
load:0x3fff0030,len:6380
ho 0 tail 12 room 4
load:0x40078000,len:15916
load:0x40080400,len:3860
entry 0x40080638
[0;32mI (29) boot: ESP-IDF v5.5.1 2nd stage bootloader[0m
[0;32mI (29) boot: compile time Nov  7 2025 00:02:50[0m
[0;32mI (29) boot: Multicore bootloader[0m
[0;32mI (31) boot: chip revision: v3.1[0m
[0;32mI (33) boot.esp32: SPI Speed      : 40MHz[0m
[0;32mI (37) boot.esp32: SPI Mode       : DIO[0m
[0;32mI (41) boot.esp32: SPI Flash Size : 2MB[0m
[0;32mI (44) boot: Enabling RNG early entropy source...[0m
[0;32mI (49) boot: Partition Table:[0m
[0;32mI (51) boot: ## Label            Usage          Type ST Offset   Length[0m
[0;32mI (58) boot:  0 nvs              WiFi data        01 02 00009000 00006000[0m
[0;32mI (64) boot:  1 phy_init         RF data          01 01 0000f000 00001000[0m
[0;32mI (71) boot:  2 factory          factory app      00 00 00010000 00100000[0m
[0;32mI (77) boot: End of partition table[0m
[0;32mI (80) esp_image: segment 0: paddr=00010020 vaddr=3f400020 size=075e0h ( 30176) map[0m
[0;32mI (98) esp_image: segment 1: paddr=00017608 vaddr=3ffb0000 size=021e8h (  8680) load[0m
[0;32mI (102) esp_image: segment 2: paddr=000197f8 vaddr=40080000 size=06820h ( 26656) load[0m
[0;32mI (113) esp_image: segment 3: paddr=00020020 vaddr=400d0020 size=0fc6ch ( 64620) map[0m
[0;32mI (136) esp_image: segment 4: paddr=0002fc94 vaddr=40086820 size=062e8h ( 25320) load[0m
[0;32mI (146) esp_image: segment 5: paddr=00035f84 vaddr=50000000 size=00020h (    32) load[0m
[0;32mI (152) boot: Loaded app from partition at offset 0x10000[0m
[0;32mI (152) boot: Disabling RNG early entropy source...[0m
[0;32mI (164) cpu_start: Multicore app[0m
[0;32mI (172) cpu_start: Pro cpu start user code[0m
[0;32mI (172) cpu_start: cpu freq: 160000000 Hz[0m
[0;32mI (172) app_init: Application information:[0m
[0;32mI (172) app_init: Project name:     hello_world[0m
[0;32mI (176) app_init: App version:      1[0m
[0;32mI (180) app_init: Compile time:     Nov  7 2025 20:05:14[0m
[0;32mI (185) app_init: ELF file SHA256:  c3cef06c4...[0m
[0;32mI (189) app_init: ESP-IDF:          v5.5.1[0m
[0;32mI (193) efuse_init: Min chip rev:     v0.0[0m
[0;32mI (197) efuse_init: Max chip rev:     v3.99 [0m
[0;32mI (201) efuse_init: Chip rev:         v3.1[0m
[0;32mI (205) heap_init: Initializing. RAM available for dynamic allocation:[0m
[0;32mI (211) heap_init: At 3FFAE6E0 len 00001920 (6 KiB): DRAM[0m
[0;32mI (216) heap_init: At 3FFB2A50 len 0002D5B0 (181 KiB): DRAM[0m
[0;32mI (221) heap_init: At 3FFE0440 len 00003AE0 (14 KiB): D/IRAM[0m
[0;32mI (227) heap_init: At 3FFE4350 len 0001BCB0 (111 KiB): D/IRAM[0m
[0;32mI (232) heap_init: At 4008CB08 len 000134F8 (77 KiB): IRAM[0m
[0;32mI (238) spi_flash: detected chip: generic[0m
[0;32mI (241) spi_flash: flash io: dio[0m
[0;33mW (244) spi_flash: Detected size(4096k) larger than the size in the binary image header(2048k). Using the size in the binary image header.[0m
[0;32mI (257) main_task: Started on CPU0[0m
[0;32mI (267) main_task: Calling app_main()[0m
[0;32mI (267) TASK1: Task 1 is running[0m
Task 2 is running

assert failed: prvSelectHighestPriorityTaskSMP tasks.c:3642 (xTaskScheduled == ( ( BaseType_t ) 1 ))


Backtrace: 0x40084e75:0x3ffb4220 0x40084e3d:0x3ffb4240 0x4008aec1:0x3ffb4260 0x400863f2:0x3ffb4380 0x40086c66:0x3ffb43a0 0x40085cf8:0x3ffb43c0 0x40085caa:0xa5a5a5a5 |<-CORRUPTED




ELF file SHA256: c3cef06c4

Rebooting...
ets Jul 29 2019 12:21:46

rst:0xc (SW_CPU_RESET),boot:0x13 (SPI_FAST_FLASH_BOOT)
configsip: 0, SPIWP:0xee
clk_drv:0x00,q_drv:0x00,d_drv:0x00,cs0_drv:0x00,hd_drv:0x00,wp_drv:0x00
mode:DIO, clock div:2
load:0x3fff0030,len:6380
ho 0 tail 12 room 4
load:0x40078000,len:15916
load:0x40080400,len:3860
[0;32mI (29) boot: ESP-IDF v5.5.1 2nd stage bootloader[0m
[0;32mI (29) boot: compile time Nov  7 2025 00:02:50[0m
[0;32mI (29) boot: Multicore bootloader[0m
[0;32mI (31) boot: chip revision: v3.1[0m
[0;32mI (33) boot.esp32: SPI Speed      : 40MHz[0m
[0;32mI (37) boot.esp32: SPI Mode       : DIO[0m
[0;32mI (41) boot.esp32: SPI Flash Size : 2MB[0m
[0;32mI (44) boot: Enabling RNG early entropy source...[0m
[0;32mI (49) boot: Partition Table:[0m
[0;32mI (51) boot: ## Label            Usage          Type ST Offset   Length[0m
[0;32mI (58) boot:  0 nvs              WiFi data        01 02 00009000 00006000[0m
[0;32mI (64) boot:  1 phy_init         RF data          01 01 0000f000 00001000[0m
[0;32mI (71) boot:  2 factory          factory app      00 00 00010000 00100000[0m
[0;32mI (77) boot: End of partition table[0m
[0;32mI (80) esp_image: segment 0: paddr=00010020 vaddr=3f400020 size=075e0h ( 30176) map[0m
[0;32mI (98) esp_image: segment 1: paddr=00017608 vaddr=3ffb0000 size=021e8h (  8680) load[0m
[0;32mI (102) esp_image: segment 2: paddr=000197f8 vaddr=40080000 size=06820h ( 26656) load[0m
[0;32mI (113) esp_image: segment 3: paddr=00020020 vaddr=400d0020 size=0fc6ch ( 64620) map[0m
[0;32mI (136) esp_image: segment 4: paddr=0002fc94 vaddr=40086820 size=062e8h ( 25320) load[0m
[0;32mI (146) esp_image: segment 5: paddr=00035f84 vaddr=50000000 size=00020h (    32) load[0m
[0;32mI (152) boot: Loaded app from partition at offset 0x10000[0m
[0;32mI (152) boot: Disabling RNG early entropy source...[0m
[0;32mI (164) cpu_start: Multicore app[0m
[0;32mI (172) cpu_start: Pro cpu start user code[0m
[0;32mI (172) cpu_start: cpu freq: 160000000 Hz[0m
[0;32mI (172) app_init: Application information:[0m
[0;32mI (172) app_init: Project name:     hello_world[0m
[0;32mI (176) app_init: App version:      1[0m
[0;32mI (180) app_init: Compile time:     Nov  7 2025 20:05:14[0m
[0;32mI (185) app_init: ELF file SHA256:  c3cef06c4...[0m
[0;32mI (189) app_init: ESP-IDF:          v5.5.1[0m
[0;32mI (193) efuse_init: Min chip rev:     v0.0[0m
[0;32mI (197) efuse_init: Max chip rev:     v3.99 [0m
[0;32mI (201) efuse_init: Chip rev:         v3.1[0m
[0;32mI (205) heap_init: Initializing. RAM available for dynamic allocation:[0m
[0;32mI (211) heap_init: At 3FFAE6E0 len 00001920 (6 KiB): DRAM[0m
[0;32mI (216) heap_init: At 3FFB2A50 len 0002D5B0 (181 KiB): DRAM[0m
[0;32mI (221) heap_init: At 3FFE0440 len 00003AE0 (14 KiB): D/IRAM[0m
[0;32mI (227) heap_init: At 3FFE4350 len 0001BCB0 (111 KiB): D/IRAM[0m
[0;32mI (232) heap_init: At 4008CB08 len 000134F8 (77 KiB): IRAM[0m
[0;32mI (238) spi_flash: detected chip: generic[0m
[0;32mI (241) spi_flash: flash io: dio[0m
[0;33mW (244) spi_flash: Detected size(4096k) larger than the size in the binary image header(2048k). Using the size in the binary image header.[0m
[0;32mI (257) main_task: Started on CPU0[0m
[0;32mI (267) main_task: Calling app_main()[0m
[0;32mI (267) TASK1: Task 1 is running[0m
Task 2 is running

assert failed: prvSelectHighestPriorityTaskSMP tasks.c:3642 (xTaskScheduled == ( ( BaseType_t ) 1 ))


Backtrace: 0x40084e75:0x3ffb4220 0x40084e3d:0x3ffb4240 0x4008aec1:0x3ffb4260 0x400863f2:0x3ffb4380 0x40086c66:0x3ffb43a0 0x40085cf8:0x3ffb43c0 0x40085caa:0xa5a5a5a5 |<-CORRUPTED
ELF file SHA256: c3cef06c4

Rebooting...
ets Jul 29 2019 12:21:46

rst:0xc (SW_CPU_RESET),boot:0x13 (SPI_FAST_FLASH_BOOT)
configsip: 0, SPIWP:0xee
clk_drv:0x00,q_drv:0x00,d_drv:0x00,cs0_drv:0x00,hd_drv:0x00,wp_drv:0x00
mode:DIO, clock div:2
load:0x3fff0030,len:6380
ho 0 tail 12 room 4
load:0x40078000,len:15916
load:0x40080400,len:3860
[0;32mI (29) boot: ESP-IDF v5.5.1 2nd stage bootloader[0m
[0;32mI (29) boot: compile time Nov  7 2025 00:02:50[0m
[0;32mI (29) boot: Multicore bootloader[0m
[0;32mI (31) boot: chip revision: v3.1[0m
[0;32mI (33) boot.esp32: SPI Speed      : 40MHz[0m
[0;32mI (37) boot.esp32: SPI Mode       : DIO[0m
[0;32mI (41) boot.esp32: SPI Flash Size : 2MB[0m
[0;32mI (44) boot: Enabling RNG early entropy source...[0m
[0;32mI (49) boot: Partition Table:[0m
[0;32mI (51) boot: ## Label            Usage          Type ST Offset   Length[0m
[0;32mI (58) boot:  0 nvs              WiFi data        01 02 00009000 00006000[0m
[0;32mI (64) boot:  1 phy_init         RF data          01 01 0000f000 00001000[0m
[0;32mI (71) boot:  2 factory          factory app      00 00 00010000 00100000[0m
[0;32mI (77) boot: End of partition table[0m
[0;32mI (80) esp_image: segment 0: paddr=00010020 vaddr=3f400020 size=075e0h ( 30176) map[0m
[0;32mI (98) esp_image: segment 1: paddr=00017608 vaddr=3ffb0000 size=021e8h (  8680) load[0m
[0;32mI (102) esp_image: segment 2: paddr=000197f8 vaddr=40080000 size=06820h ( 26656) load[0m
[0;32mI (113) esp_image: segment 3: paddr=00020020 vaddr=400d0020 size=0fc6ch ( 64620) map[0m
[0;32mI (136) esp_image: segment 4: paddr=0002fc94 vaddr=40086820 size=062e8h ( 25320) load[0m
[0;32mI (146) esp_image: segment 5: paddr=00035f84 vaddr=50000000 size=00020h (    32) load[0m
[0;32mI (152) boot: Loaded app from partition at offset 0x10000[0m
[0;32mI (152) boot: Disabling RNG early entropy source...[0m
[0;32mI (164) cpu_start: Multicore app[0m
[0;32mI (172) cpu_start: Pro cpu start user code[0m
[0;32mI (172) cpu_start: cpu freq: 160000000 Hz[0m
[0;32mI (172) app_init: Application information:[0m
[0;32mI (172) app_init: Project name:     hello_world[0m
[0;32mI (176) app_init: App version:      1[0m
[0;32mI (180) app_init: Compile time:     Nov  7 2025 20:05:14[0m
[0;32mI (185) app_init: ELF file SHA256:  c3cef06c4...[0m
[0;32mI (193) efuse_init: Min chip rev:     v0.0[0m
[0;32mI (197) efuse_init: Max chip rev:     v3.99 [0m
[0;32mI (201) efuse_init: Chip rev:         v3.1[0m
[0;32mI (205) heap_init: Initializing. RAM available for dynamic allocation:[0m
[0;32mI (211) heap_init: At 3FFAE6E0 len 00001920 (6 KiB): DRAM[0m
I (216) heap_init: At 3FFB2A50 len 0002D5B0 (181 KiB): DRAM
[0;32mI (221) heap_init: At 3FFE0440 len 00003AE0 (14 KiB): D/IRAM[0m
[0;32mI (227) heap_init: At 3FFE4350 len 0001BCB0 (111 KiB): D/IRAM[0m
[0;32mI (232) heap_init: At 4008CB08 len 000134F8 (77 KiB): IRAM[0m
[0;32mI (238) spi_flash: detected chip: generic[0m
[0;32mI (241) spi_flash: flash io: dio[0m
[0;33mW (244) spi_flash: Detected size(4096k) larger than the size in the binary image header(2048k). Using the size in the binary image header.[0m
[0;32mI (257) main_task: Started on CPU0[0m
[0;32mI (267) main_task: Calling app_main()[0m
[0;32mI (267) TASK1: Task 1 is running[0m
Task 2 is running

assert failed: prvSelectHighestPriorityTaskSMP tasks.c:3642 (xTaskScheduled == ( ( BaseType_t ) 1 ))


Backtrace: 0x40084e75:0x3ffb4220 0x40084e3d:0x3ffb4240 0x4008aec1:0x3ffb4260 0x400863f2:0x3ffb4380 0x40086c66:0x3ffb43a0 0x40085cf8:0x3ffb43c0 0x40085caa:0xa5a5a5a5 |<-CORRUPTED
ELF file SHA256: c3cef06c4

Rebooting...
ets Jul 29 2019 12:21:46

rst:0xc (SW_CPU_RESET),boot:0x13 (SPI_FAST_FLASH_BOOT)
configsip: 0, SPIWP:0xee
clk_drv:0x00,q_drv:0x00,d_drv:0x00,cs0_drv:0x00,hd_drv:0x00,wp_drv:0x00
mode:DIO, clock div:2
load:0x3fff0030,len:6380
ho 0 tail 12 room 4
load:0x40078000,len:15916
load:0x40080400,len:3860
[0;32mI (29) boot: ESP-IDF v5.5.1 2nd stage bootloader[0m
[0;32mI (29) boot: compile time Nov  7 2025 00:02:50[0m
[0;32mI (29) boot: Multicore bootloader[0m
[0;32mI (31) boot: chip revision: v3.1[0m
[0;32mI (33) boot.esp32: SPI Speed      : 40MHz[0m
[0;32mI (37) boot.esp32: SPI Mode       : DIO[0m
[0;32mI (41) boot.esp32: SPI Flash Size : 2MB[0m
[0;32mI (44) boot: Enabling RNG early entropy source...[0m
[0;32mI (49) boot: Partition Table:[0m
[0;32mI (51) boot: ## Label            Usage          Type ST Offset   Length[0m
[0;32mI (58) boot:  0 nvs              WiFi data        01 02 00009000 00006000[0m
[0;32mI (64) boot:  1 phy_init         RF data          01 01 0000f000 00001000[0m
[0;32mI (71) boot:  2 factory          factory app      00 00 00010000 00100000[0m
[0;32mI (77) boot: End of partition table[0m
[0;32mI (80) esp_image: segment 0: paddr=00010020 vaddr=3f400020 size=075e0h ( 30176) map[0m
[0;32mI (98) esp_image: segment 1: paddr=00017608 vaddr=3ffb0000 size=021e8h (  8680) load[0m
[0;32mI (102) esp_image: segment 2: paddr=000197f8 vaddr=40080000 size=06820h ( 26656) load[0m
[0;32mI (113) esp_image: segment 3: paddr=00020020 vaddr=400d0020 size=0fc6ch ( 64620) map[0m
[0;32mI (136) esp_image: segment 4: paddr=0002fc94 vaddr=40086820 size=062e8h ( 25320) load[0m
[0;32mI (146) esp_image: segment 5: paddr=00035f84 vaddr=50000000 size=00020h (    32) load[0m
[0;32mI (152) boot: Loaded app from partition at offset 0x10000[0m
[0;32mI (152) boot: Disabling RNG early entropy source...[0m
[0;32mI (164) cpu_start: Multicore app[0m
[0;32mI (172) cpu_start: Pro cpu start user code[0m
[0;32mI (172) cpu_start: cpu freq: 160000000 Hz[0m
[0;32mI (172) app_init: Application information:[0m
[0;32mI (172) app_init: Project name:     hello_world[0m
[0;32mI (176) app_init: App version:      1[0m
[0;32mI (180) app_init: Compile time:     Nov  7 2025 20:05:14[0m
[0;32mI (185) app_init: ELF file SHA256:  c3cef06c4...[0m
[0;32mI (193) efuse_init: Min chip rev:     v0.0[0m
[0;32mI (197) efuse_init: Max chip rev:     v3.99 [0m
[0;32mI (201) efuse_init: Chip rev:         v3.1[0m
[0;32mI (205) heap_init: Initializing. RAM available for dynamic allocation:[0m
[0;32mI (211) heap_init: At 3FFAE6E0 len 00001920 (6 KiB): DRAM[0m
[0;32mI (216) heap_init: At 3FFB2A50 len 0002D5B0 (181 KiB): DRAM[0m
[0;32mI (221) heap_init: At 3FFE0440 len 00003AE0 (14 KiB): D/IRAM[0m
[0;32mI (227) heap_init: At 3FFE4350 len 0001BCB0 (111 KiB): D/IRAM[0m
[0;32mI (232) heap_init: At 4008CB08 len 000134F8 (77 KiB): IRAM[0m
[0;32mI (238) spi_flash: detected chip: generic[0m
[0;32mI (241) spi_flash: flash io: dio[0m
[0;33mW (244) spi_flash: Detected size(4096k) larger than the size in the binary image header(2048k). Using the size in the binary image header.[0m
[0;32mI (257) main_task: Started on CPU0[0m
[0;32mI (267) main_task: Calling app_main()[0m
[0;32mI (267) TASK1: Task 1 is running[0m
Task 2 is running

assert failed: prvSelectHighestPriorityTaskSMP tasks.c:3642 (xTaskScheduled == ( ( BaseType_t ) 1 ))


